
Allocating common symbols
Common symbol       size              file

kbd_buf             0x6c              build/keyboard.o
root_dir            0x208             build/dir.o
thread_ready_list   0x10              build/thread.o
thread_all_list     0x10              build/thread.o
user_pool           0x2c              build/memory.o
channel_cnt         0x1               build/ide.o
cur_part            0x4               build/fs.o
k_block_descs       0xa8              build/memory.o
idle_thread         0x4               build/thread.o
intr_name           0x204             build/interrupt.o
main_thread         0x4               build/thread.o
channels            0xcc0             build/ide.o
ticks               0x4               build/timer.o
kernel_vaddr        0xc               build/memory.o
syscall_table       0x80              build/syscall-init.o
idt_table           0x204             build/interrupt.o
file_table          0x180             build/file.o
partition_list      0x10              build/ide.o
kernel_pool         0x2c              build/memory.o
pid_lock            0x1c              build/thread.o

Discarded input sections

 .note.GNU-stack
                0x0000000000000000        0x0 build/main.o
 .note.GNU-stack
                0x0000000000000000        0x0 build/init.o
 .note.GNU-stack
                0x0000000000000000        0x0 build/interrupt.o
 .note.GNU-stack
                0x0000000000000000        0x0 build/timer.o
 .note.GNU-stack
                0x0000000000000000        0x0 build/debug.o
 .note.GNU-stack
                0x0000000000000000        0x0 build/string.o
 .note.GNU-stack
                0x0000000000000000        0x0 build/bitmap.o
 .note.GNU-stack
                0x0000000000000000        0x0 build/memory.o
 .note.GNU-stack
                0x0000000000000000        0x0 build/thread.o
 .note.GNU-stack
                0x0000000000000000        0x0 build/list.o
 .note.GNU-stack
                0x0000000000000000        0x0 build/sync.o
 .note.GNU-stack
                0x0000000000000000        0x0 build/console.o
 .note.GNU-stack
                0x0000000000000000        0x0 build/keyboard.o
 .note.GNU-stack
                0x0000000000000000        0x0 build/ioqueue.o
 .note.GNU-stack
                0x0000000000000000        0x0 build/tss.o
 .note.GNU-stack
                0x0000000000000000        0x0 build/process.o
 .note.GNU-stack
                0x0000000000000000        0x0 build/syscall.o
 .note.GNU-stack
                0x0000000000000000        0x0 build/syscall-init.o
 .note.GNU-stack
                0x0000000000000000        0x0 build/stdio.o
 .note.GNU-stack
                0x0000000000000000        0x0 build/stdio-kernel.o
 .note.GNU-stack
                0x0000000000000000        0x0 build/fs.o
 .note.GNU-stack
                0x0000000000000000        0x0 build/ide.o
 .note.GNU-stack
                0x0000000000000000        0x0 build/inode.o
 .note.GNU-stack
                0x0000000000000000        0x0 build/dir.o
 .note.GNU-stack
                0x0000000000000000        0x0 build/file.o

Memory Configuration

Name             Origin             Length             Attributes
*default*        0x0000000000000000 0xffffffffffffffff

Linker script and memory map

Address of section .text set to 0xc0001500
LOAD build/main.o
LOAD build/init.o
LOAD build/interrupt.o
LOAD build/timer.o
LOAD build/kernel.o
LOAD build/print.o
LOAD build/debug.o
LOAD build/string.o
LOAD build/bitmap.o
LOAD build/memory.o
LOAD build/thread.o
LOAD build/list.o
LOAD build/switch.o
LOAD build/sync.o
LOAD build/console.o
LOAD build/keyboard.o
LOAD build/ioqueue.o
LOAD build/tss.o
LOAD build/process.o
LOAD build/syscall.o
LOAD build/syscall-init.o
LOAD build/stdio.o
LOAD build/stdio-kernel.o
LOAD build/fs.o
LOAD build/ide.o
LOAD build/inode.o
LOAD build/dir.o
LOAD build/file.o
                [!provide]                        PROVIDE (__executable_start = SEGMENT_START ("text-segment", 0x8048000))
                0x00000000080480d4                . = (SEGMENT_START ("text-segment", 0x8048000) + SIZEOF_HEADERS)

.interp
 *(.interp)

.note.gnu.build-id
 *(.note.gnu.build-id)

.hash
 *(.hash)

.gnu.hash
 *(.gnu.hash)

.dynsym
 *(.dynsym)

.dynstr
 *(.dynstr)

.gnu.version
 *(.gnu.version)

.gnu.version_d
 *(.gnu.version_d)

.gnu.version_r
 *(.gnu.version_r)

.rel.dyn        0x00000000080480d4        0x0
 *(.rel.init)
 *(.rel.text .rel.text.* .rel.gnu.linkonce.t.*)
 .rel.text      0x00000000080480d4        0x0 build/main.o
 *(.rel.fini)
 *(.rel.rodata .rel.rodata.* .rel.gnu.linkonce.r.*)
 *(.rel.data.rel.ro .rel.data.rel.ro.* .rel.gnu.linkonce.d.rel.ro.*)
 *(.rel.data .rel.data.* .rel.gnu.linkonce.d.*)
 *(.rel.tdata .rel.tdata.* .rel.gnu.linkonce.td.*)
 *(.rel.tbss .rel.tbss.* .rel.gnu.linkonce.tb.*)
 *(.rel.ctors)
 *(.rel.dtors)
 *(.rel.got)
 .rel.got       0x00000000080480d4        0x0 build/main.o
 *(.rel.bss .rel.bss.* .rel.gnu.linkonce.b.*)
 *(.rel.ifunc)

.rel.plt        0x00000000080480d4        0x0
 *(.rel.plt)
                [!provide]                        PROVIDE (__rel_iplt_start = .)
 *(.rel.iplt)
 .rel.iplt      0x00000000080480d4        0x0 build/main.o
                [!provide]                        PROVIDE (__rel_iplt_end = .)
                0x0000000008049000                . = ALIGN (CONSTANT (MAXPAGESIZE))

.init
 *(SORT_NONE(.init))

.plt            0x0000000008049000        0x0
 *(.plt)
 *(.iplt)
 .iplt          0x0000000008049000        0x0 build/main.o

.plt.got
 *(.plt.got)

.plt.sec
 *(.plt.sec)

.text           0x00000000c0001500     0x7fce
 *(.text.unlikely .text.*_unlikely .text.unlikely.*)
 *(.text.exit .text.exit.*)
 *(.text.startup .text.startup.*)
 *(.text.hot .text.hot.*)
 *(SORT_BY_NAME(.text.sorted.*))
 *(.text .stub .text.* .gnu.linkonce.t.*)
 .text          0x00000000c0001500      0x242 build/main.o
                0x00000000c0001500                main
 .text          0x00000000c0001742       0x46 build/init.o
                0x00000000c0001742                init_all
 .text          0x00000000c0001788      0x481 build/interrupt.o
                0x00000000c0001b00                register_handler
                0x00000000c0001b1c                idt_init
                0x00000000c0001b7a                intr_get_status
                0x00000000c0001b9d                intr_enable
                0x00000000c0001bc6                intr_disable
                0x00000000c0001bee                intr_set_status
 .text          0x00000000c0001c09      0x212 build/timer.o
                0x00000000c0001d3f                timer_init
                0x00000000c0001dc3                mtime_sleep
 *fill*         0x00000000c0001e1b        0x5 
 .text          0x00000000c0001e20      0x55b build/kernel.o
                0x00000000c0001e20                intr_exit
                0x00000000c0002357                syscall_handler
 *fill*         0x00000000c000237b        0x5 
 .text          0x00000000c0002380      0x172 build/print.o
                0x00000000c0002380                put_str
                0x00000000c000239e                put_char
                0x00000000c000246b                put_int
                0x00000000c00024ce                set_cursor
 .text          0x00000000c00024f2       0xa5 build/debug.o
                0x00000000c00024f2                panic_spin
 .text          0x00000000c0002597      0x454 build/string.o
                0x00000000c0002597                memset
                0x00000000c00025f3                memcpy
                0x00000000c000265b                memcmp
                0x00000000c00026f1                strcpy
                0x00000000c0002754                strlen
                0x00000000c00027ae                strcmp
                0x00000000c0002835                strchr
                0x00000000c000289b                strrchr
                0x00000000c0002904                strcat
                0x00000000c000297e                strchrs
 .text          0x00000000c00029eb      0x1f3 build/bitmap.o
                0x00000000c00029eb                bitmap_init
                0x00000000c0002a12                bitmap_scan_test
                0x00000000c0002a54                bitmap_scan
                0x00000000c0002b25                bitmap_set
 .text          0x00000000c0002bde     0x1107 build/memory.o
                0x00000000c0002f24                pde_ptr
                0x00000000c0002f40                pte_ptr
                0x00000000c00030ab                malloc_page
                0x00000000c0003175                get_kernel_pages
                0x00000000c00031d1                get_user_pages
                0x00000000c0003227                get_a_page
                0x00000000c00033a3                addr_v2p
                0x00000000c00033d1                block_desc_init
                0x00000000c0003476                sys_malloc
                0x00000000c0003786                pfree
                0x00000000c00038ce                mfree_page
                0x00000000c0003aa3                sys_free
                0x00000000c0003ca4                mem_init
 .text          0x00000000c0003ce5      0x70c build/thread.o
                0x00000000c0003cfb                running_thread
                0x00000000c0003d26                thread_create
                0x00000000c0003dd2                init_thread
                0x00000000c0003ebc                thread_start
                0x00000000c0004037                schedule
                0x00000000c0004187                thread_block
                0x00000000c00041ee                thread_unblock
                0x00000000c00042f9                thread_init
                0x00000000c000436b                thread_yield
 .text          0x00000000c00043f1      0x1e4 build/list.o
                0x00000000c00043f1                list_init
                0x00000000c000441e                list_insert_before
                0x00000000c000445f                list_push
                0x00000000c000447c                list_append
                0x00000000c0004499                list_remove
                0x00000000c00044cf                list_pop
                0x00000000c00044ee                elem_find
                0x00000000c0004529                list_traversal
                0x00000000c0004587                list_len
                0x00000000c00045bc                list_empty
 *fill*         0x00000000c00045d5        0xb 
 .text          0x00000000c00045e0       0x15 build/switch.o
                0x00000000c00045e0                switch_to
 .text          0x00000000c00045f5      0x347 build/sync.o
                0x00000000c00045f5                sema_init
                0x00000000c000461a                lock_init
                0x00000000c000464b                sema_down
                0x00000000c000475f                sema_up
                0x00000000c0004815                lock_acquire
                0x00000000c0004891                lock_release
 .text          0x00000000c000493c       0x9a build/console.o
                0x00000000c000493c                console_init
                0x00000000c0004950                console_acquire
                0x00000000c0004964                console_release
                0x00000000c0004978                console_put_str
                0x00000000c0004995                console_put_char
                0x00000000c00049b9                console_put_int
 .text          0x00000000c00049d6      0x268 build/keyboard.o
                0x00000000c0004c0a                keyboard_init
 .text          0x00000000c0004c3e      0x241 build/ioqueue.o
                0x00000000c0004c3e                ioqueue_init
                0x00000000c0004c9b                ioq_full
                0x00000000c0004cec                ioq_empty
                0x00000000c0004dd1                ioq_getchar
 .text          0x00000000c0004e7f      0x1ae build/tss.o
                0x00000000c0004e7f                update_tss_esp
                0x00000000c0004efa                tss_init
 .text          0x00000000c000502d      0x367 build/process.o
                0x00000000c000502d                start_process
                0x00000000c0005133                page_dir_activate
                0x00000000c0005163                process_activate
                0x00000000c00051b5                create_page_dir
                0x00000000c0005226                create_user_vaddr_bitmap
                0x00000000c000526a                process_execute
 .text          0x00000000c0005394       0x73 build/syscall.o
                0x00000000c0005394                getpid
                0x00000000c00053a9                write
                0x00000000c00053cc                malloc
                0x00000000c00053eb                free
 .text          0x00000000c0005407       0x5a build/syscall-init.o
                0x00000000c0005407                sys_getpid
                0x00000000c0005419                syscall_init
 .text          0x00000000c0005461      0x2ba build/stdio.o
                0x00000000c00054e7                vsprintf
                0x00000000c000566b                printf
                0x00000000c00056e7                sprintf
 .text          0x00000000c000571b       0x62 build/stdio-kernel.o
                0x00000000c000571b                printk
 .text          0x00000000c000577d     0x11b3 build/fs.o
                0x00000000c0005e8b                filesys_init
                0x00000000c00060b9                path_depth_cnt
                0x00000000c00063e1                sys_open
                0x00000000c0006688                sys_close
                0x00000000c00066dd                sys_write
                0x00000000c00067c7                sys_read
                0x00000000c0006848                sys_lseek
 .text          0x00000000c0006930      0xe1f build/ide.o
                0x00000000c0006c4a                ide_read
                0x00000000c0006ddc                ide_write
                0x00000000c0006f6e                intr_hd_handler
                0x00000000c0007551                ide_init
 .text          0x00000000c000774f      0x42e build/inode.o
                0x00000000c00077f3                inode_sync
                0x00000000c0007964                inode_open
                0x00000000c0007abd                inode_close
                0x00000000c0007b2e                inode_init
 .text          0x00000000c0007b7d      0x789 build/dir.o
                0x00000000c0007b7d                open_root_dir
                0x00000000c0007bac                dir_open
                0x00000000c0007be7                search_dir_entry
                0x00000000c0007db7                dir_close
                0x00000000c0007de3                create_dir_entry
                0x00000000c0007e59                sync_dir_entry
 .text          0x00000000c0008306     0x11c8 build/file.o
                0x00000000c0008306                get_free_slot_in_global
                0x00000000c0008356                pcb_fd_install
                0x00000000c00083b9                inode_bitmap_alloc
                0x00000000c0008407                block_bitmap_alloc
                0x00000000c0008461                bitmap_sync
                0x00000000c00084ec                file_create
                0x00000000c00087b6                file_open
                0x00000000c00088d5                file_close
                0x00000000c0008914                file_write
                0x00000000c00090fb                file_read
 *(.gnu.warning)

.fini
 *(SORT_NONE(.fini))
                [!provide]                        PROVIDE (__etext = .)
                [!provide]                        PROVIDE (_etext = .)
                [!provide]                        PROVIDE (etext = .)
                0x00000000c000a000                . = ALIGN (CONSTANT (MAXPAGESIZE))
                0x00000000c000a000                . = SEGMENT_START ("rodata-segment", (ALIGN (CONSTANT (MAXPAGESIZE)) + (. & (CONSTANT (MAXPAGESIZE) - 0x1))))

.rodata         0x00000000c000a000     0x1afc
 *(.rodata .rodata.* .gnu.linkonce.r.*)
 .rodata        0x00000000c000a000       0xa1 build/main.o
 .rodata        0x00000000c000a0a1        0xa build/init.o
 *fill*         0x00000000c000a0ab        0x1 
 .rodata        0x00000000c000a0ac      0x2cc build/interrupt.o
 .rodata        0x00000000c000a378       0x87 build/timer.o
 .rodata        0x00000000c000a3ff       0x3f build/debug.o
 .rodata        0x00000000c000a43e       0xb9 build/string.o
 .rodata        0x00000000c000a4f7       0x3c build/bitmap.o
 *fill*         0x00000000c000a533        0x1 
 .rodata        0x00000000c000a534      0x3b4 build/memory.o
 .rodata        0x00000000c000a8e8      0x2d0 build/thread.o
 .rodata        0x00000000c000abb8      0x12f build/sync.o
 .rodata        0x00000000c000ace7       0x36 build/keyboard.o
 *fill*         0x00000000c000ad1d        0x3 
 .rodata        0x00000000c000ad20       0x91 build/ioqueue.o
 .rodata        0x00000000c000adb1       0x27 build/tss.o
 .rodata        0x00000000c000add8       0xdd build/process.o
 .rodata        0x00000000c000aeb5       0x27 build/syscall-init.o
 .rodata        0x00000000c000aedc      0x48c build/fs.o
 .rodata        0x00000000c000b368      0x1f4 build/ide.o
 .rodata        0x00000000c000b55c       0x6b build/inode.o
 *fill*         0x00000000c000b5c7        0x1 
 .rodata        0x00000000c000b5c8       0xfd build/dir.o
 *fill*         0x00000000c000b6c5        0x3 
 .rodata        0x00000000c000b6c8      0x434 build/file.o

.rodata1
 *(.rodata1)

.eh_frame_hdr
 *(.eh_frame_hdr)
 *(.eh_frame_entry .eh_frame_entry.*)

.eh_frame
 *(.eh_frame)
 *(.eh_frame.*)

.gcc_except_table
 *(.gcc_except_table .gcc_except_table.*)

.gnu_extab
 *(.gnu_extab*)

.exception_ranges
 *(.exception_ranges*)
                0x00000000c000c000                . = DATA_SEGMENT_ALIGN (CONSTANT (MAXPAGESIZE), CONSTANT (COMMONPAGESIZE))

.eh_frame
 *(.eh_frame)
 *(.eh_frame.*)

.gnu_extab
 *(.gnu_extab)

.gcc_except_table
 *(.gcc_except_table .gcc_except_table.*)

.exception_ranges
 *(.exception_ranges*)

.tdata          0x00000000c000c000        0x0
                [!provide]                        PROVIDE (__tdata_start = .)
 *(.tdata .tdata.* .gnu.linkonce.td.*)

.tbss
 *(.tbss .tbss.* .gnu.linkonce.tb.*)
 *(.tcommon)

.preinit_array  0x00000000c000c000        0x0
                [!provide]                        PROVIDE (__preinit_array_start = .)
 *(.preinit_array)
                [!provide]                        PROVIDE (__preinit_array_end = .)

.init_array     0x00000000c000c000        0x0
                [!provide]                        PROVIDE (__init_array_start = .)
 *(SORT_BY_INIT_PRIORITY(.init_array.*) SORT_BY_INIT_PRIORITY(.ctors.*))
 *(.init_array EXCLUDE_FILE(*crtend?.o *crtend.o *crtbegin?.o *crtbegin.o) .ctors)
                [!provide]                        PROVIDE (__init_array_end = .)

.fini_array     0x00000000c000c000        0x0
                [!provide]                        PROVIDE (__fini_array_start = .)
 *(SORT_BY_INIT_PRIORITY(.fini_array.*) SORT_BY_INIT_PRIORITY(.dtors.*))
 *(.fini_array EXCLUDE_FILE(*crtend?.o *crtend.o *crtbegin?.o *crtbegin.o) .dtors)
                [!provide]                        PROVIDE (__fini_array_end = .)

.ctors
 *crtbegin.o(.ctors)
 *crtbegin?.o(.ctors)
 *(EXCLUDE_FILE(*crtend?.o *crtend.o) .ctors)
 *(SORT_BY_NAME(.ctors.*))
 *(.ctors)

.dtors
 *crtbegin.o(.dtors)
 *crtbegin?.o(.dtors)
 *(EXCLUDE_FILE(*crtend?.o *crtend.o) .dtors)
 *(SORT_BY_NAME(.dtors.*))
 *(.dtors)

.jcr
 *(.jcr)

.data.rel.ro
 *(.data.rel.ro.local* .gnu.linkonce.d.rel.ro.local.*)
 *(.data.rel.ro .data.rel.ro.* .gnu.linkonce.d.rel.ro.*)

.dynamic
 *(.dynamic)

.got            0x00000000c000c000        0x0
 *(.got)
 .got           0x00000000c000c000        0x0 build/main.o
 *(.igot)
                0x00000000c000c000                . = DATA_SEGMENT_RELRO_END (., (SIZEOF (.got.plt) >= 0xc)?0xc:0x0)

.got.plt        0x00000000c000c000        0x0
 *(.got.plt)
 .got.plt       0x00000000c000c000        0x0 build/main.o
 *(.igot.plt)
 .igot.plt      0x00000000c000c000        0x0 build/main.o

.data           0x00000000c000c000      0x156
 *(.data .data.* .gnu.linkonce.d.*)
 .data          0x00000000c000c000        0x0 build/main.o
 .data          0x00000000c000c000        0x0 build/init.o
 .data          0x00000000c000c000        0x0 build/interrupt.o
 .data          0x00000000c000c000        0x0 build/timer.o
 .data          0x00000000c000c000       0xd2 build/kernel.o
                0x00000000c000c012                intr_entry_table
 *fill*         0x00000000c000c0d2        0x2 
 .data          0x00000000c000c0d4        0x8 build/print.o
 .data          0x00000000c000c0dc        0x0 build/debug.o
 .data          0x00000000c000c0dc        0x0 build/string.o
 .data          0x00000000c000c0dc        0x0 build/bitmap.o
 .data          0x00000000c000c0dc        0x0 build/memory.o
 .data          0x00000000c000c0dc        0x0 build/thread.o
 .data          0x00000000c000c0dc        0x0 build/list.o
 .data          0x00000000c000c0dc        0x0 build/sync.o
 .data          0x00000000c000c0dc        0x0 build/console.o
 *fill*         0x00000000c000c0dc        0x4 
 .data          0x00000000c000c0e0       0x76 build/keyboard.o
                0x00000000c000c0e0                keymap
 .data          0x00000000c000c156        0x0 build/ioqueue.o
 .data          0x00000000c000c156        0x0 build/tss.o
 .data          0x00000000c000c156        0x0 build/process.o
 .data          0x00000000c000c156        0x0 build/syscall.o
 .data          0x00000000c000c156        0x0 build/syscall-init.o
 .data          0x00000000c000c156        0x0 build/stdio.o
 .data          0x00000000c000c156        0x0 build/stdio-kernel.o
 .data          0x00000000c000c156        0x0 build/fs.o
 .data          0x00000000c000c156        0x0 build/ide.o
 .data          0x00000000c000c156        0x0 build/inode.o
 .data          0x00000000c000c156        0x0 build/dir.o
 .data          0x00000000c000c156        0x0 build/file.o

.data1
 *(.data1)
                0x00000000c000c156                _edata = .
                [!provide]                        PROVIDE (edata = .)
                0x00000000c000c156                . = .
                0x00000000c000c156                __bss_start = .

.bss            0x00000000c000c160     0x1c40
 *(.dynbss)
 *(.bss .bss.* .gnu.linkonce.b.*)
 .bss           0x00000000c000c160        0x0 build/main.o
 .bss           0x00000000c000c160        0x0 build/init.o
 .bss           0x00000000c000c160      0x408 build/interrupt.o
 .bss           0x00000000c000c568        0x0 build/timer.o
 .bss           0x00000000c000c568        0x0 build/debug.o
 .bss           0x00000000c000c568        0x0 build/string.o
 .bss           0x00000000c000c568        0x0 build/bitmap.o
 .bss           0x00000000c000c568        0x0 build/memory.o
 .bss           0x00000000c000c568        0x6 build/thread.o
 .bss           0x00000000c000c56e        0x0 build/list.o
 .bss           0x00000000c000c56e        0x0 build/sync.o
 *fill*         0x00000000c000c56e        0x2 
 .bss           0x00000000c000c570       0x1c build/console.o
 .bss           0x00000000c000c58c       0x14 build/keyboard.o
                0x00000000c000c58c                ctrl_status
                0x00000000c000c590                shift_status
                0x00000000c000c594                alt_status
                0x00000000c000c598                caps_lock_status
                0x00000000c000c59c                ext_scancode
 .bss           0x00000000c000c5a0        0x0 build/ioqueue.o
 .bss           0x00000000c000c5a0       0x68 build/tss.o
 .bss           0x00000000c000c608        0x0 build/process.o
 .bss           0x00000000c000c608        0x0 build/syscall.o
 .bss           0x00000000c000c608        0x0 build/syscall-init.o
 .bss           0x00000000c000c608        0x0 build/stdio.o
 .bss           0x00000000c000c608        0x0 build/stdio-kernel.o
 .bss           0x00000000c000c608        0x0 build/fs.o
 .bss           0x00000000c000c608        0x6 build/ide.o
                0x00000000c000c608                ext_lba_base
                0x00000000c000c60c                p_no
                0x00000000c000c60d                l_no
 .bss           0x00000000c000c60e        0x0 build/inode.o
 .bss           0x00000000c000c60e        0x0 build/dir.o
 .bss           0x00000000c000c60e        0x0 build/file.o
 *(COMMON)
 *fill*         0x00000000c000c60e       0x12 
 COMMON         0x00000000c000c620      0x424 build/interrupt.o
                0x00000000c000c620                intr_name
                0x00000000c000c840                idt_table
 COMMON         0x00000000c000ca44        0x4 build/timer.o
                0x00000000c000ca44                ticks
 *fill*         0x00000000c000ca48       0x18 
 COMMON         0x00000000c000ca60      0x12c build/memory.o
                0x00000000c000ca60                user_pool
                0x00000000c000caa0                k_block_descs
                0x00000000c000cb48                kernel_vaddr
                0x00000000c000cb60                kernel_pool
 COMMON         0x00000000c000cb8c       0x44 build/thread.o
                0x00000000c000cb8c                thread_ready_list
                0x00000000c000cb9c                thread_all_list
                0x00000000c000cbac                idle_thread
                0x00000000c000cbb0                main_thread
                0x00000000c000cbb4                pid_lock
 *fill*         0x00000000c000cbd0       0x10 
 COMMON         0x00000000c000cbe0       0x6c build/keyboard.o
                0x00000000c000cbe0                kbd_buf
 *fill*         0x00000000c000cc4c       0x14 
 COMMON         0x00000000c000cc60       0x80 build/syscall-init.o
                0x00000000c000cc60                syscall_table
 COMMON         0x00000000c000cce0        0x4 build/fs.o
                0x00000000c000cce0                cur_part
 *fill*         0x00000000c000cce4       0x1c 
 COMMON         0x00000000c000cd00      0xcf0 build/ide.o
                0x00000000c000cd00                channel_cnt
                0x00000000c000cd20                channels
                0x00000000c000d9e0                partition_list
 *fill*         0x00000000c000d9f0       0x10 
 COMMON         0x00000000c000da00      0x208 build/dir.o
                0x00000000c000da00                root_dir
 *fill*         0x00000000c000dc08       0x18 
 COMMON         0x00000000c000dc20      0x180 build/file.o
                0x00000000c000dc20                file_table
                0x00000000c000dda0                . = ALIGN ((. != 0x0)?0x4:0x1)
                0x00000000c000dda0                . = ALIGN (0x4)
                0x00000000c000dda0                . = SEGMENT_START ("ldata-segment", .)
                0x00000000c000dda0                . = ALIGN (0x4)
                0x00000000c000dda0                _end = .
                [!provide]                        PROVIDE (end = .)
                0x00000000c000dda0                . = DATA_SEGMENT_END (.)

.stab           0x0000000000000000      0xac8
 *(.stab)
 .stab          0x0000000000000000      0x36c build/kernel.o
 .stab          0x000000000000036c      0x6a8 build/print.o
                                        0x6b4 (size before relaxing)
 .stab          0x0000000000000a14       0xb4 build/switch.o
                                         0xc0 (size before relaxing)

.stabstr        0x0000000000000000       0x34
 *(.stabstr)
 .stabstr       0x0000000000000000       0x34 build/kernel.o

.stab.excl
 *(.stab.excl)

.stab.exclstr
 *(.stab.exclstr)

.stab.index
 *(.stab.index)

.stab.indexstr
 *(.stab.indexstr)

.comment        0x0000000000000000       0x2a
 *(.comment)
 .comment       0x0000000000000000       0x2a build/main.o
                                         0x2b (size before relaxing)
 .comment       0x000000000000002a       0x2b build/init.o
 .comment       0x000000000000002a       0x2b build/interrupt.o
 .comment       0x000000000000002a       0x2b build/timer.o
 .comment       0x000000000000002a       0x2b build/debug.o
 .comment       0x000000000000002a       0x2b build/string.o
 .comment       0x000000000000002a       0x2b build/bitmap.o
 .comment       0x000000000000002a       0x2b build/memory.o
 .comment       0x000000000000002a       0x2b build/thread.o
 .comment       0x000000000000002a       0x2b build/list.o
 .comment       0x000000000000002a       0x2b build/sync.o
 .comment       0x000000000000002a       0x2b build/console.o
 .comment       0x000000000000002a       0x2b build/keyboard.o
 .comment       0x000000000000002a       0x2b build/ioqueue.o
 .comment       0x000000000000002a       0x2b build/tss.o
 .comment       0x000000000000002a       0x2b build/process.o
 .comment       0x000000000000002a       0x2b build/syscall.o
 .comment       0x000000000000002a       0x2b build/syscall-init.o
 .comment       0x000000000000002a       0x2b build/stdio.o
 .comment       0x000000000000002a       0x2b build/stdio-kernel.o
 .comment       0x000000000000002a       0x2b build/fs.o
 .comment       0x000000000000002a       0x2b build/ide.o
 .comment       0x000000000000002a       0x2b build/inode.o
 .comment       0x000000000000002a       0x2b build/dir.o
 .comment       0x000000000000002a       0x2b build/file.o

.gnu.build.attributes
 *(.gnu.build.attributes .gnu.build.attributes.*)

.debug
 *(.debug)

.line
 *(.line)

.debug_srcinfo
 *(.debug_srcinfo)

.debug_sfnames
 *(.debug_sfnames)

.debug_aranges  0x0000000000000000      0x320
 *(.debug_aranges)
 .debug_aranges
                0x0000000000000000       0x20 build/main.o
 .debug_aranges
                0x0000000000000020       0x20 build/init.o
 .debug_aranges
                0x0000000000000040       0x20 build/interrupt.o
 .debug_aranges
                0x0000000000000060       0x20 build/timer.o
 .debug_aranges
                0x0000000000000080       0x20 build/debug.o
 .debug_aranges
                0x00000000000000a0       0x20 build/string.o
 .debug_aranges
                0x00000000000000c0       0x20 build/bitmap.o
 .debug_aranges
                0x00000000000000e0       0x20 build/memory.o
 .debug_aranges
                0x0000000000000100       0x20 build/thread.o
 .debug_aranges
                0x0000000000000120       0x20 build/list.o
 .debug_aranges
                0x0000000000000140       0x20 build/sync.o
 .debug_aranges
                0x0000000000000160       0x20 build/console.o
 .debug_aranges
                0x0000000000000180       0x20 build/keyboard.o
 .debug_aranges
                0x00000000000001a0       0x20 build/ioqueue.o
 .debug_aranges
                0x00000000000001c0       0x20 build/tss.o
 .debug_aranges
                0x00000000000001e0       0x20 build/process.o
 .debug_aranges
                0x0000000000000200       0x20 build/syscall.o
 .debug_aranges
                0x0000000000000220       0x20 build/syscall-init.o
 .debug_aranges
                0x0000000000000240       0x20 build/stdio.o
 .debug_aranges
                0x0000000000000260       0x20 build/stdio-kernel.o
 .debug_aranges
                0x0000000000000280       0x20 build/fs.o
 .debug_aranges
                0x00000000000002a0       0x20 build/ide.o
 .debug_aranges
                0x00000000000002c0       0x20 build/inode.o
 .debug_aranges
                0x00000000000002e0       0x20 build/dir.o
 .debug_aranges
                0x0000000000000300       0x20 build/file.o

.debug_pubnames
                0x0000000000000000      0xb0d
 *(.debug_pubnames)
 .debug_pubnames
                0x0000000000000000       0x1b build/main.o
 .debug_pubnames
                0x000000000000001b       0x1f build/init.o
 .debug_pubnames
                0x000000000000003a       0x99 build/interrupt.o
 .debug_pubnames
                0x00000000000000d3       0x3b build/timer.o
 .debug_pubnames
                0x000000000000010e       0x21 build/debug.o
 .debug_pubnames
                0x000000000000012f       0x82 build/string.o
 .debug_pubnames
                0x00000000000001b1       0x56 build/bitmap.o
 .debug_pubnames
                0x0000000000000207      0x115 build/memory.o
 .debug_pubnames
                0x000000000000031c      0x101 build/thread.o
 .debug_pubnames
                0x000000000000041d       0xaf build/list.o
 .debug_pubnames
                0x00000000000004cc       0x6a build/sync.o
 .debug_pubnames
                0x0000000000000536       0x88 build/console.o
 .debug_pubnames
                0x00000000000005be       0x91 build/keyboard.o
 .debug_pubnames
                0x000000000000064f       0x4e build/ioqueue.o
 .debug_pubnames
                0x000000000000069d       0x32 build/tss.o
 .debug_pubnames
                0x00000000000006cf       0x94 build/process.o
 .debug_pubnames
                0x0000000000000763       0x3b build/syscall.o
 .debug_pubnames
                0x000000000000079e       0x44 build/syscall-init.o
 .debug_pubnames
                0x00000000000007e2       0x36 build/stdio.o
 .debug_pubnames
                0x0000000000000818       0x1d build/stdio-kernel.o
 .debug_pubnames
                0x0000000000000835       0x87 build/fs.o
 .debug_pubnames
                0x00000000000008bc       0xa1 build/ide.o
 .debug_pubnames
                0x000000000000095d       0x4f build/inode.o
 .debug_pubnames
                0x00000000000009ac       0x89 build/dir.o
 .debug_pubnames
                0x0000000000000a35       0xd8 build/file.o

.debug_info     0x0000000000000000     0x9168
 *(.debug_info .gnu.linkonce.wi.*)
 .debug_info    0x0000000000000000      0x665 build/main.o
 .debug_info    0x0000000000000665       0x7d build/init.o
 .debug_info    0x00000000000006e2      0x3ca build/interrupt.o
 .debug_info    0x0000000000000aac      0x468 build/timer.o
 .debug_info    0x0000000000000f14       0xc8 build/debug.o
 .debug_info    0x0000000000000fdc      0x483 build/string.o
 .debug_info    0x000000000000145f      0x217 build/bitmap.o
 .debug_info    0x0000000000001676      0xd46 build/memory.o
 .debug_info    0x00000000000023bc      0x7f9 build/thread.o
 .debug_info    0x0000000000002bb5      0x35c build/list.o
 .debug_info    0x0000000000002f11      0x501 build/sync.o
 .debug_info    0x0000000000003412      0x3f4 build/console.o
 .debug_info    0x0000000000003806      0x505 build/keyboard.o
 .debug_info    0x0000000000003d0b      0x598 build/ioqueue.o
 .debug_info    0x00000000000042a3      0x5aa build/tss.o
 .debug_info    0x000000000000484d      0x5e5 build/process.o
 .debug_info    0x0000000000004e32      0x1b7 build/syscall.o
 .debug_info    0x0000000000004fe9       0xf5 build/syscall-init.o
 .debug_info    0x00000000000050de      0x241 build/stdio.o
 .debug_info    0x000000000000531f       0xdb build/stdio-kernel.o
 .debug_info    0x00000000000053fa      0xf7a build/fs.o
 .debug_info    0x0000000000006374      0xd7c build/ide.o
 .debug_info    0x00000000000070f0      0x918 build/inode.o
 .debug_info    0x0000000000007a08      0xa1b build/dir.o
 .debug_info    0x0000000000008423      0xd45 build/file.o

.debug_abbrev   0x0000000000000000     0x1d97
 *(.debug_abbrev)
 .debug_abbrev  0x0000000000000000      0x100 build/main.o
 .debug_abbrev  0x0000000000000100       0x48 build/init.o
 .debug_abbrev  0x0000000000000148      0x148 build/interrupt.o
 .debug_abbrev  0x0000000000000290      0x142 build/timer.o
 .debug_abbrev  0x00000000000003d2       0x60 build/debug.o
 .debug_abbrev  0x0000000000000432       0xe7 build/string.o
 .debug_abbrev  0x0000000000000519       0xea build/bitmap.o
 .debug_abbrev  0x0000000000000603      0x208 build/memory.o
 .debug_abbrev  0x000000000000080b      0x198 build/thread.o
 .debug_abbrev  0x00000000000009a3       0xfc build/list.o
 .debug_abbrev  0x0000000000000a9f      0x101 build/sync.o
 .debug_abbrev  0x0000000000000ba0      0x108 build/console.o
 .debug_abbrev  0x0000000000000ca8      0x131 build/keyboard.o
 .debug_abbrev  0x0000000000000dd9      0x14c build/ioqueue.o
 .debug_abbrev  0x0000000000000f25      0x122 build/tss.o
 .debug_abbrev  0x0000000000001047      0x13f build/process.o
 .debug_abbrev  0x0000000000001186       0xc8 build/syscall.o
 .debug_abbrev  0x000000000000124e       0xae build/syscall-init.o
 .debug_abbrev  0x00000000000012fc       0xe8 build/stdio.o
 .debug_abbrev  0x00000000000013e4       0xab build/stdio-kernel.o
 .debug_abbrev  0x000000000000148f      0x20d build/fs.o
 .debug_abbrev  0x000000000000169c      0x23f build/ide.o
 .debug_abbrev  0x00000000000018db      0x163 build/inode.o
 .debug_abbrev  0x0000000000001a3e      0x179 build/dir.o
 .debug_abbrev  0x0000000000001bb7      0x1e0 build/file.o

.debug_line     0x0000000000000000     0x1a8b
 *(.debug_line .debug_line.* .debug_line_end)
 .debug_line    0x0000000000000000       0xf8 build/main.o
 .debug_line    0x00000000000000f8       0x49 build/init.o
 .debug_line    0x0000000000000141       0xfa build/interrupt.o
 .debug_line    0x000000000000023b       0xcf build/timer.o
 .debug_line    0x000000000000030a       0x4b build/debug.o
 .debug_line    0x0000000000000355       0xc5 build/string.o
 .debug_line    0x000000000000041a       0x96 build/bitmap.o
 .debug_line    0x00000000000004b0      0x251 build/memory.o
 .debug_line    0x0000000000000701      0x14a build/thread.o
 .debug_line    0x000000000000084b       0xb0 build/list.o
 .debug_line    0x00000000000008fb       0xf0 build/sync.o
 .debug_line    0x00000000000009eb       0xb6 build/console.o
 .debug_line    0x0000000000000aa1      0x11b build/keyboard.o
 .debug_line    0x0000000000000bbc       0xf2 build/ioqueue.o
 .debug_line    0x0000000000000cae       0xc4 build/tss.o
 .debug_line    0x0000000000000d72       0xf6 build/process.o
 .debug_line    0x0000000000000e68       0x6c build/syscall.o
 .debug_line    0x0000000000000ed4       0x77 build/syscall-init.o
 .debug_line    0x0000000000000f4b       0xa5 build/stdio.o
 .debug_line    0x0000000000000ff0       0x65 build/stdio-kernel.o
 .debug_line    0x0000000000001055      0x28c build/fs.o
 .debug_line    0x00000000000012e1      0x209 build/ide.o
 .debug_line    0x00000000000014ea      0x141 build/inode.o
 .debug_line    0x000000000000162b      0x1a6 build/dir.o
 .debug_line    0x00000000000017d1      0x2ba build/file.o

.debug_frame    0x0000000000000000     0x12b4
 *(.debug_frame)
 .debug_frame   0x0000000000000000       0x44 build/main.o
 .debug_frame   0x0000000000000044       0x2c build/init.o
 .debug_frame   0x0000000000000070      0x13c build/interrupt.o
 .debug_frame   0x00000000000001ac       0xac build/timer.o
 .debug_frame   0x0000000000000258       0x2c build/debug.o
 .debug_frame   0x0000000000000284      0x104 build/string.o
 .debug_frame   0x0000000000000388       0x84 build/bitmap.o
 .debug_frame   0x000000000000040c      0x20c build/memory.o
 .debug_frame   0x0000000000000618      0x14c build/thread.o
 .debug_frame   0x0000000000000764      0x104 build/list.o
 .debug_frame   0x0000000000000868       0xac build/sync.o
 .debug_frame   0x0000000000000914       0xa4 build/console.o
 .debug_frame   0x00000000000009b8       0x5c build/keyboard.o
 .debug_frame   0x0000000000000a14       0xbc build/ioqueue.o
 .debug_frame   0x0000000000000ad0       0x60 build/tss.o
 .debug_frame   0x0000000000000b30       0xa4 build/process.o
 .debug_frame   0x0000000000000bd4       0x80 build/syscall.o
 .debug_frame   0x0000000000000c54       0x44 build/syscall-init.o
 .debug_frame   0x0000000000000c98       0x80 build/stdio.o
 .debug_frame   0x0000000000000d18       0x34 build/stdio-kernel.o
 .debug_frame   0x0000000000000d4c      0x150 build/fs.o
 .debug_frame   0x0000000000000e9c      0x1d4 build/ide.o
 .debug_frame   0x0000000000001070       0x8c build/inode.o
 .debug_frame   0x00000000000010fc       0xac build/dir.o
 .debug_frame   0x00000000000011a8      0x10c build/file.o

.debug_str      0x0000000000000000     0x1a0f
 *(.debug_str)
 .debug_str     0x0000000000000000      0x3de build/main.o
                                        0x466 (size before relaxing)
 .debug_str     0x00000000000003de       0x2f build/init.o
                                         0xa9 (size before relaxing)
 .debug_str     0x000000000000040d      0x1be build/interrupt.o
                                        0x283 (size before relaxing)
 .debug_str     0x00000000000005cb       0xbe build/timer.o
                                        0x30e (size before relaxing)
 .debug_str     0x0000000000000689       0x32 build/debug.o
                                         0xc9 (size before relaxing)
 .debug_str     0x00000000000006bb       0x70 build/string.o
                                        0x12e (size before relaxing)
 .debug_str     0x000000000000072b       0x7b build/bitmap.o
                                        0x14f (size before relaxing)
 .debug_str     0x00000000000007a6      0x28b build/memory.o
                                        0x588 (size before relaxing)
 .debug_str     0x0000000000000a31      0x144 build/thread.o
                                        0x41d (size before relaxing)
 .debug_str     0x0000000000000b75       0x9c build/list.o
                                        0x19e (size before relaxing)
 .debug_str     0x0000000000000c11       0x69 build/sync.o
                                        0x307 (size before relaxing)
 .debug_str     0x0000000000000c7a       0x86 build/console.o
                                        0x2f3 (size before relaxing)
 .debug_str     0x0000000000000d00       0xc5 build/keyboard.o
                                        0x354 (size before relaxing)
 .debug_str     0x0000000000000dc5       0x5d build/ioqueue.o
                                        0x30f (size before relaxing)
 .debug_str     0x0000000000000e22       0xea build/tss.o
                                        0x361 (size before relaxing)
 .debug_str     0x0000000000000f0c      0x10e build/process.o
                                        0x3d6 (size before relaxing)
 .debug_str     0x000000000000101a       0x4e build/syscall.o
                                        0x110 (size before relaxing)
 .debug_str     0x0000000000001068       0x46 build/syscall-init.o
                                        0x115 (size before relaxing)
 .debug_str     0x00000000000010ae       0x66 build/stdio.o
                                        0x139 (size before relaxing)
 .debug_str     0x0000000000001114       0x21 build/stdio-kernel.o
                                         0xc7 (size before relaxing)
 .debug_str     0x0000000000001135      0x338 build/fs.o
                                        0x7eb (size before relaxing)
 .debug_str     0x000000000000146d      0x1e9 build/ide.o
                                        0x59f (size before relaxing)
 .debug_str     0x0000000000001656       0xf0 build/inode.o
                                        0x566 (size before relaxing)
 .debug_str     0x0000000000001746       0xf8 build/dir.o
                                        0x5dc (size before relaxing)
 .debug_str     0x000000000000183e      0x1d1 build/file.o
                                        0x7a9 (size before relaxing)

.debug_loc      0x0000000000000000     0x1d90
 *(.debug_loc)
 .debug_loc     0x0000000000000000       0x2c build/main.o
 .debug_loc     0x000000000000002c       0x2c build/init.o
 .debug_loc     0x0000000000000058      0x210 build/interrupt.o
 .debug_loc     0x0000000000000268      0x108 build/timer.o
 .debug_loc     0x0000000000000370       0x2c build/debug.o
 .debug_loc     0x000000000000039c      0x1b8 build/string.o
 .debug_loc     0x0000000000000554       0xb0 build/bitmap.o
 .debug_loc     0x0000000000000604      0x39c build/memory.o
 .debug_loc     0x00000000000009a0      0x23c build/thread.o
 .debug_loc     0x0000000000000bdc      0x1b8 build/list.o
 .debug_loc     0x0000000000000d94      0x108 build/sync.o
 .debug_loc     0x0000000000000e9c      0x108 build/console.o
 .debug_loc     0x0000000000000fa4       0x84 build/keyboard.o
 .debug_loc     0x0000000000001028      0x134 build/ioqueue.o
 .debug_loc     0x000000000000115c       0x84 build/tss.o
 .debug_loc     0x00000000000011e0      0x108 build/process.o
 .debug_loc     0x00000000000012e8       0xb0 build/syscall.o
 .debug_loc     0x0000000000001398       0x58 build/syscall-init.o
 .debug_loc     0x00000000000013f0       0xb0 build/stdio.o
 .debug_loc     0x00000000000014a0       0x2c build/stdio-kernel.o
 .debug_loc     0x00000000000014cc      0x210 build/fs.o
 .debug_loc     0x00000000000016dc      0x318 build/ide.o
 .debug_loc     0x00000000000019f4       0xdc build/inode.o
 .debug_loc     0x0000000000001ad0      0x108 build/dir.o
 .debug_loc     0x0000000000001bd8      0x1b8 build/file.o

.debug_macinfo
 *(.debug_macinfo)

.debug_weaknames
 *(.debug_weaknames)

.debug_funcnames
 *(.debug_funcnames)

.debug_typenames
 *(.debug_typenames)

.debug_varnames
 *(.debug_varnames)

.debug_pubtypes
 *(.debug_pubtypes)

.debug_ranges   0x0000000000000000       0x18
 *(.debug_ranges)
 .debug_ranges  0x0000000000000000       0x18 build/keyboard.o

.debug_macro
 *(.debug_macro)

.debug_addr
 *(.debug_addr)

.gnu.attributes
 *(.gnu.attributes)

/DISCARD/
 *(.note.GNU-stack)
 *(.gnu_debuglink)
 *(.gnu.lto_*)
OUTPUT(build/kernel.bin elf32-i386)
