
Allocating common symbols
Common symbol       size              file

kbd_buf             0x6c              build/keyboard.o
thread_ready_list   0x10              build/thread.o
thread_all_list     0x10              build/thread.o
user_pool           0x10              build/memory.o
intr_name           0xc0              build/interrupt.o
main_thread         0x4               build/thread.o
ticks               0x4               build/timer.o
kernel_vaddr        0xc               build/memory.o
idt_table           0xc0              build/interrupt.o
kernel_pool         0x10              build/memory.o

Discarded input sections

 .note.GNU-stack
                0x0000000000000000        0x0 build/main.o
 .note.GNU-stack
                0x0000000000000000        0x0 build/thread.o
 .note.GNU-stack
                0x0000000000000000        0x0 build/init.o
 .note.GNU-stack
                0x0000000000000000        0x0 build/memory.o
 .note.GNU-stack
                0x0000000000000000        0x0 build/interrupt.o
 .note.GNU-stack
                0x0000000000000000        0x0 build/timer.o
 .note.GNU-stack
                0x0000000000000000        0x0 build/list.o
 .note.GNU-stack
                0x0000000000000000        0x0 build/debug.o
 .note.GNU-stack
                0x0000000000000000        0x0 build/string.o
 .note.GNU-stack
                0x0000000000000000        0x0 build/bitmap.o
 .note.GNU-stack
                0x0000000000000000        0x0 build/sync.o
 .note.GNU-stack
                0x0000000000000000        0x0 build/console.o
 .note.GNU-stack
                0x0000000000000000        0x0 build/keyboard.o

Memory Configuration

Name             Origin             Length             Attributes
*default*        0x0000000000000000 0xffffffffffffffff

Linker script and memory map

Address of section .text set to 0xc0001500
LOAD build/main.o
LOAD build/thread.o
LOAD build/init.o
LOAD build/memory.o
LOAD build/interrupt.o
LOAD build/timer.o
LOAD build/kernel.o
LOAD build/list.o
LOAD build/print.o
LOAD build/debug.o
LOAD build/string.o
LOAD build/bitmap.o
LOAD build/switch.o
LOAD build/sync.o
LOAD build/console.o
LOAD build/keyboard.o
                [!provide]                        PROVIDE (__executable_start = SEGMENT_START ("text-segment", 0x8048000))
                0x00000000080480d4                . = (SEGMENT_START ("text-segment", 0x8048000) + SIZEOF_HEADERS)

.interp
 *(.interp)

.note.gnu.build-id
 *(.note.gnu.build-id)

.hash
 *(.hash)

.gnu.hash
 *(.gnu.hash)

.dynsym
 *(.dynsym)

.dynstr
 *(.dynstr)

.gnu.version
 *(.gnu.version)

.gnu.version_d
 *(.gnu.version_d)

.gnu.version_r
 *(.gnu.version_r)

.rel.dyn        0x00000000080480d4        0x0
 *(.rel.init)
 *(.rel.text .rel.text.* .rel.gnu.linkonce.t.*)
 .rel.text      0x00000000080480d4        0x0 build/main.o
 *(.rel.fini)
 *(.rel.rodata .rel.rodata.* .rel.gnu.linkonce.r.*)
 *(.rel.data.rel.ro .rel.data.rel.ro.* .rel.gnu.linkonce.d.rel.ro.*)
 *(.rel.data .rel.data.* .rel.gnu.linkonce.d.*)
 *(.rel.tdata .rel.tdata.* .rel.gnu.linkonce.td.*)
 *(.rel.tbss .rel.tbss.* .rel.gnu.linkonce.tb.*)
 *(.rel.ctors)
 *(.rel.dtors)
 *(.rel.got)
 .rel.got       0x00000000080480d4        0x0 build/main.o
 *(.rel.bss .rel.bss.* .rel.gnu.linkonce.b.*)
 *(.rel.ifunc)

.rel.plt        0x00000000080480d4        0x0
 *(.rel.plt)
                [!provide]                        PROVIDE (__rel_iplt_start = .)
 *(.rel.iplt)
 .rel.iplt      0x00000000080480d4        0x0 build/main.o
                [!provide]                        PROVIDE (__rel_iplt_end = .)
                0x0000000008049000                . = ALIGN (CONSTANT (MAXPAGESIZE))

.init
 *(SORT_NONE(.init))

.plt            0x0000000008049000        0x0
 *(.plt)
 *(.iplt)
 .iplt          0x0000000008049000        0x0 build/main.o

.plt.got
 *(.plt.got)

.plt.sec
 *(.plt.sec)

.text           0x00000000c0001500     0x273e
 *(.text.unlikely .text.*_unlikely .text.unlikely.*)
 *(.text.exit .text.exit.*)
 *(.text.startup .text.startup.*)
 *(.text.hot .text.hot.*)
 *(SORT_BY_NAME(.text.sorted.*))
 *(.text .stub .text.* .gnu.linkonce.t.*)
 .text          0x00000000c0001500       0x53 build/main.o
                0x00000000c0001500                main
                0x00000000c0001521                k_thread_a
                0x00000000c000153a                k_thread_b
 .text          0x00000000c0001553      0x58d build/thread.o
                0x00000000c0001553                running_thread
                0x00000000c000157e                thread_create
                0x00000000c00015f3                init_thread
                0x00000000c000168e                thread_start
                0x00000000c0001809                schedule
                0x00000000c0001931                thread_block
                0x00000000c0001998                thread_unblock
                0x00000000c0001aa3                thread_init
 .text          0x00000000c0001ae0       0x32 build/init.o
                0x00000000c0001ae0                init_all
 .text          0x00000000c0001b12      0x557 build/memory.o
                0x00000000c0001cbe                mem_init
                0x00000000c0001dd4                pde_ptr
                0x00000000c0001df0                pte_ptr
                0x00000000c0001f5b                malloc_page
                0x00000000c0002025                get_kernel_pages
 .text          0x00000000c0002069      0x458 build/interrupt.o
                0x00000000c00023b8                register_handler
                0x00000000c00023d4                idt_init
                0x00000000c0002432                intr_get_status
                0x00000000c0002455                intr_enable
                0x00000000c000247e                intr_disable
                0x00000000c00024a6                intr_set_status
 .text          0x00000000c00024c1      0x193 build/timer.o
                0x00000000c00025f4                timer_init
 *fill*         0x00000000c0002654        0xc 
 .text          0x00000000c0002660      0x537 build/kernel.o
                0x00000000c0002660                intr_exit
 .text          0x00000000c0002b97      0x1e4 build/list.o
                0x00000000c0002b97                list_init
                0x00000000c0002bc4                list_insert_before
                0x00000000c0002c05                list_push
                0x00000000c0002c22                list_append
                0x00000000c0002c3f                list_remove
                0x00000000c0002c75                list_pop
                0x00000000c0002c94                elem_find
                0x00000000c0002ccf                list_traversal
                0x00000000c0002d2d                list_len
                0x00000000c0002d62                list_empty
 *fill*         0x00000000c0002d7b        0x5 
 .text          0x00000000c0002d80      0x172 build/print.o
                0x00000000c0002d80                put_str
                0x00000000c0002d9e                put_char
                0x00000000c0002e6b                put_int
                0x00000000c0002ece                set_cursor
 .text          0x00000000c0002ef2       0xa5 build/debug.o
                0x00000000c0002ef2                panic_spin
 .text          0x00000000c0002f97      0x451 build/string.o
                0x00000000c0002f97                memset
                0x00000000c0002ff3                memcpy
                0x00000000c000305b                memcmp
                0x00000000c00030f1                strcpy
                0x00000000c0003151                strlen
                0x00000000c00031ab                strcmp
                0x00000000c0003232                strchr
                0x00000000c0003298                strrchr
                0x00000000c0003301                strcat
                0x00000000c000337b                strchrs
 .text          0x00000000c00033e8      0x1f3 build/bitmap.o
                0x00000000c00033e8                bitmap_init
                0x00000000c000340f                bitmap_scan_test
                0x00000000c0003451                bitmap_scan
                0x00000000c0003522                bitmap_set
 *fill*         0x00000000c00035db        0x5 
 .text          0x00000000c00035e0       0x15 build/switch.o
                0x00000000c00035e0                switch_to
 .text          0x00000000c00035f5      0x347 build/sync.o
                0x00000000c00035f5                sema_init
                0x00000000c000361a                lock_init
                0x00000000c000364b                sema_down
                0x00000000c000375f                sema_up
                0x00000000c0003815                lock_acquire
                0x00000000c0003891                lock_release
 .text          0x00000000c000393c       0x9a build/console.o
                0x00000000c000393c                console_init
                0x00000000c0003950                console_acquire
                0x00000000c0003964                console_release
                0x00000000c0003978                console_put_str
                0x00000000c0003995                console_put_char
                0x00000000c00039b9                console_put_int
 .text          0x00000000c00039d6      0x268 build/keyboard.o
                0x00000000c0003c0a                keyboard_init
 *(.gnu.warning)

.fini
 *(SORT_NONE(.fini))
                [!provide]                        PROVIDE (__etext = .)
                [!provide]                        PROVIDE (_etext = .)
                [!provide]                        PROVIDE (etext = .)
                0x00000000c0004000                . = ALIGN (CONSTANT (MAXPAGESIZE))
                0x00000000c0004000                . = SEGMENT_START ("rodata-segment", (ALIGN (CONSTANT (MAXPAGESIZE)) + (. & (CONSTANT (MAXPAGESIZE) - 0x1))))

.rodata         0x00000000c0004000      0x9d9
 *(.rodata .rodata.* .gnu.linkonce.r.*)
 .rodata        0x00000000c0004000        0xd build/main.o
 *fill*         0x00000000c000400d        0x3 
 .rodata        0x00000000c0004010      0x2be build/thread.o
 .rodata        0x00000000c00042ce        0xa build/init.o
 .rodata        0x00000000c00042d8      0x12d build/memory.o
 *fill*         0x00000000c0004405        0x3 
 .rodata        0x00000000c0004408      0x2cc build/interrupt.o
 .rodata        0x00000000c00046d4       0x6b build/timer.o
 .rodata        0x00000000c000473f       0x3f build/debug.o
 .rodata        0x00000000c000477e       0xb9 build/string.o
 .rodata        0x00000000c0004837       0x3c build/bitmap.o
 *fill*         0x00000000c0004873        0x1 
 .rodata        0x00000000c0004874      0x12f build/sync.o
 .rodata        0x00000000c00049a3       0x36 build/keyboard.o

.rodata1
 *(.rodata1)

.eh_frame_hdr
 *(.eh_frame_hdr)
 *(.eh_frame_entry .eh_frame_entry.*)

.eh_frame
 *(.eh_frame)
 *(.eh_frame.*)

.gcc_except_table
 *(.gcc_except_table .gcc_except_table.*)

.gnu_extab
 *(.gnu_extab*)

.exception_ranges
 *(.exception_ranges*)
                0x00000000c00059d9                . = DATA_SEGMENT_ALIGN (CONSTANT (MAXPAGESIZE), CONSTANT (COMMONPAGESIZE))

.eh_frame
 *(.eh_frame)
 *(.eh_frame.*)

.gnu_extab
 *(.gnu_extab)

.gcc_except_table
 *(.gcc_except_table .gcc_except_table.*)

.exception_ranges
 *(.exception_ranges*)

.tdata          0x00000000c00059d9        0x0
                [!provide]                        PROVIDE (__tdata_start = .)
 *(.tdata .tdata.* .gnu.linkonce.td.*)

.tbss
 *(.tbss .tbss.* .gnu.linkonce.tb.*)
 *(.tcommon)

.preinit_array  0x00000000c00059d9        0x0
                [!provide]                        PROVIDE (__preinit_array_start = .)
 *(.preinit_array)
                [!provide]                        PROVIDE (__preinit_array_end = .)

.init_array     0x00000000c00059d9        0x0
                [!provide]                        PROVIDE (__init_array_start = .)
 *(SORT_BY_INIT_PRIORITY(.init_array.*) SORT_BY_INIT_PRIORITY(.ctors.*))
 *(.init_array EXCLUDE_FILE(*crtend?.o *crtend.o *crtbegin?.o *crtbegin.o) .ctors)
                [!provide]                        PROVIDE (__init_array_end = .)

.fini_array     0x00000000c00059d9        0x0
                [!provide]                        PROVIDE (__fini_array_start = .)
 *(SORT_BY_INIT_PRIORITY(.fini_array.*) SORT_BY_INIT_PRIORITY(.dtors.*))
 *(.fini_array EXCLUDE_FILE(*crtend?.o *crtend.o *crtbegin?.o *crtbegin.o) .dtors)
                [!provide]                        PROVIDE (__fini_array_end = .)

.ctors
 *crtbegin.o(.ctors)
 *crtbegin?.o(.ctors)
 *(EXCLUDE_FILE(*crtend?.o *crtend.o) .ctors)
 *(SORT_BY_NAME(.ctors.*))
 *(.ctors)

.dtors
 *crtbegin.o(.dtors)
 *crtbegin?.o(.dtors)
 *(EXCLUDE_FILE(*crtend?.o *crtend.o) .dtors)
 *(SORT_BY_NAME(.dtors.*))
 *(.dtors)

.jcr
 *(.jcr)

.data.rel.ro
 *(.data.rel.ro.local* .gnu.linkonce.d.rel.ro.local.*)
 *(.data.rel.ro .data.rel.ro.* .gnu.linkonce.d.rel.ro.*)

.dynamic
 *(.dynamic)

.got            0x00000000c00059dc        0x0
 *(.got)
 .got           0x00000000c00059dc        0x0 build/main.o
 *(.igot)
                0x00000000c00059dc                . = DATA_SEGMENT_RELRO_END (., (SIZEOF (.got.plt) >= 0xc)?0xc:0x0)

.got.plt        0x00000000c00059dc        0x0
 *(.got.plt)
 .got.plt       0x00000000c00059dc        0x0 build/main.o
 *(.igot.plt)
 .igot.plt      0x00000000c00059dc        0x0 build/main.o

.data           0x00000000c00059e0      0x156
 *(.data .data.* .gnu.linkonce.d.*)
 .data          0x00000000c00059e0        0x0 build/main.o
 .data          0x00000000c00059e0        0x0 build/thread.o
 .data          0x00000000c00059e0        0x0 build/init.o
 .data          0x00000000c00059e0        0x0 build/memory.o
 .data          0x00000000c00059e0        0x0 build/interrupt.o
 .data          0x00000000c00059e0        0x0 build/timer.o
 .data          0x00000000c00059e0       0xd2 build/kernel.o
                0x00000000c00059f2                intr_entry_table
 .data          0x00000000c0005ab2        0x0 build/list.o
 *fill*         0x00000000c0005ab2        0x2 
 .data          0x00000000c0005ab4        0x8 build/print.o
 .data          0x00000000c0005abc        0x0 build/debug.o
 .data          0x00000000c0005abc        0x0 build/string.o
 .data          0x00000000c0005abc        0x0 build/bitmap.o
 .data          0x00000000c0005abc        0x0 build/sync.o
 .data          0x00000000c0005abc        0x0 build/console.o
 *fill*         0x00000000c0005abc        0x4 
 .data          0x00000000c0005ac0       0x76 build/keyboard.o
                0x00000000c0005ac0                keymap

.data1
 *(.data1)
                0x00000000c0005b36                _edata = .
                [!provide]                        PROVIDE (edata = .)
                0x00000000c0005b36                . = .
                0x00000000c0005b36                __bss_start = .

.bss            0x00000000c0005b40      0x42c
 *(.dynbss)
 *(.bss .bss.* .gnu.linkonce.b.*)
 .bss           0x00000000c0005b40        0x0 build/main.o
 .bss           0x00000000c0005b40        0x4 build/thread.o
 .bss           0x00000000c0005b44        0x0 build/init.o
 .bss           0x00000000c0005b44        0x0 build/memory.o
 *fill*         0x00000000c0005b44       0x1c 
 .bss           0x00000000c0005b60      0x180 build/interrupt.o
 .bss           0x00000000c0005ce0        0x0 build/timer.o
 .bss           0x00000000c0005ce0        0x0 build/list.o
 .bss           0x00000000c0005ce0        0x0 build/debug.o
 .bss           0x00000000c0005ce0        0x0 build/string.o
 .bss           0x00000000c0005ce0        0x0 build/bitmap.o
 .bss           0x00000000c0005ce0        0x0 build/sync.o
 .bss           0x00000000c0005ce0       0x1c build/console.o
 .bss           0x00000000c0005cfc       0x14 build/keyboard.o
                0x00000000c0005cfc                ctrl_status
                0x00000000c0005d00                shift_status
                0x00000000c0005d04                alt_status
                0x00000000c0005d08                caps_lock_status
                0x00000000c0005d0c                ext_scancode
 *(COMMON)
 COMMON         0x00000000c0005d10       0x24 build/thread.o
                0x00000000c0005d10                thread_ready_list
                0x00000000c0005d20                thread_all_list
                0x00000000c0005d30                main_thread
 COMMON         0x00000000c0005d34       0x2c build/memory.o
                0x00000000c0005d34                user_pool
                0x00000000c0005d44                kernel_vaddr
                0x00000000c0005d50                kernel_pool
 COMMON         0x00000000c0005d60      0x180 build/interrupt.o
                0x00000000c0005d60                intr_name
                0x00000000c0005e20                idt_table
 COMMON         0x00000000c0005ee0        0x4 build/timer.o
                0x00000000c0005ee0                ticks
 *fill*         0x00000000c0005ee4       0x1c 
 COMMON         0x00000000c0005f00       0x6c build/keyboard.o
                0x00000000c0005f00                kbd_buf
                0x00000000c0005f6c                . = ALIGN ((. != 0x0)?0x4:0x1)
                0x00000000c0005f6c                . = ALIGN (0x4)
                0x00000000c0005f6c                . = SEGMENT_START ("ldata-segment", .)
                0x00000000c0005f6c                . = ALIGN (0x4)
                0x00000000c0005f6c                _end = .
                [!provide]                        PROVIDE (end = .)
                0x00000000c0005f6c                . = DATA_SEGMENT_END (.)

.stab           0x0000000000000000      0xa20
 *(.stab)
 .stab          0x0000000000000000      0x2c4 build/kernel.o
 .stab          0x00000000000002c4      0x6a8 build/print.o
                                        0x6b4 (size before relaxing)
 .stab          0x000000000000096c       0xb4 build/switch.o
                                         0xc0 (size before relaxing)

.stabstr        0x0000000000000000       0x34
 *(.stabstr)
 .stabstr       0x0000000000000000       0x34 build/kernel.o

.stab.excl
 *(.stab.excl)

.stab.exclstr
 *(.stab.exclstr)

.stab.index
 *(.stab.index)

.stab.indexstr
 *(.stab.indexstr)

.comment        0x0000000000000000       0x2a
 *(.comment)
 .comment       0x0000000000000000       0x2a build/main.o
                                         0x2b (size before relaxing)
 .comment       0x000000000000002a       0x2b build/thread.o
 .comment       0x000000000000002a       0x2b build/init.o
 .comment       0x000000000000002a       0x2b build/memory.o
 .comment       0x000000000000002a       0x2b build/interrupt.o
 .comment       0x000000000000002a       0x2b build/timer.o
 .comment       0x000000000000002a       0x2b build/list.o
 .comment       0x000000000000002a       0x2b build/debug.o
 .comment       0x000000000000002a       0x2b build/string.o
 .comment       0x000000000000002a       0x2b build/bitmap.o
 .comment       0x000000000000002a       0x2b build/sync.o
 .comment       0x000000000000002a       0x2b build/console.o
 .comment       0x000000000000002a       0x2b build/keyboard.o

.gnu.build.attributes
 *(.gnu.build.attributes .gnu.build.attributes.*)

.debug
 *(.debug)

.line
 *(.line)

.debug_srcinfo
 *(.debug_srcinfo)

.debug_sfnames
 *(.debug_sfnames)

.debug_aranges  0x0000000000000000      0x1a0
 *(.debug_aranges)
 .debug_aranges
                0x0000000000000000       0x20 build/main.o
 .debug_aranges
                0x0000000000000020       0x20 build/thread.o
 .debug_aranges
                0x0000000000000040       0x20 build/init.o
 .debug_aranges
                0x0000000000000060       0x20 build/memory.o
 .debug_aranges
                0x0000000000000080       0x20 build/interrupt.o
 .debug_aranges
                0x00000000000000a0       0x20 build/timer.o
 .debug_aranges
                0x00000000000000c0       0x20 build/list.o
 .debug_aranges
                0x00000000000000e0       0x20 build/debug.o
 .debug_aranges
                0x0000000000000100       0x20 build/string.o
 .debug_aranges
                0x0000000000000120       0x20 build/bitmap.o
 .debug_aranges
                0x0000000000000140       0x20 build/sync.o
 .debug_aranges
                0x0000000000000160       0x20 build/console.o
 .debug_aranges
                0x0000000000000180       0x20 build/keyboard.o

.debug_pubnames
                0x0000000000000000      0x5a5
 *(.debug_pubnames)
 .debug_pubnames
                0x0000000000000000       0x39 build/main.o
 .debug_pubnames
                0x0000000000000039       0xd3 build/thread.o
 .debug_pubnames
                0x000000000000010c       0x1f build/init.o
 .debug_pubnames
                0x000000000000012b       0x8b build/memory.o
 .debug_pubnames
                0x00000000000001b6       0x99 build/interrupt.o
 .debug_pubnames
                0x000000000000024f       0x2b build/timer.o
 .debug_pubnames
                0x000000000000027a       0xaf build/list.o
 .debug_pubnames
                0x0000000000000329       0x21 build/debug.o
 .debug_pubnames
                0x000000000000034a       0x82 build/string.o
 .debug_pubnames
                0x00000000000003cc       0x56 build/bitmap.o
 .debug_pubnames
                0x0000000000000422       0x6a build/sync.o
 .debug_pubnames
                0x000000000000048c       0x88 build/console.o
 .debug_pubnames
                0x0000000000000514       0x91 build/keyboard.o

.debug_info     0x0000000000000000     0x2832
 *(.debug_info .gnu.linkonce.wi.*)
 .debug_info    0x0000000000000000       0xf1 build/main.o
 .debug_info    0x00000000000000f1      0x5bd build/thread.o
 .debug_info    0x00000000000006ae       0x7d build/init.o
 .debug_info    0x000000000000072b      0x4ff build/memory.o
 .debug_info    0x0000000000000c2a      0x3bc build/interrupt.o
 .debug_info    0x0000000000000fe6      0x2a5 build/timer.o
 .debug_info    0x000000000000128b      0x35c build/list.o
 .debug_info    0x00000000000015e7       0xc8 build/debug.o
 .debug_info    0x00000000000016af      0x485 build/string.o
 .debug_info    0x0000000000001b34      0x217 build/bitmap.o
 .debug_info    0x0000000000001d4b      0x3f7 build/sync.o
 .debug_info    0x0000000000002142      0x2ea build/console.o
 .debug_info    0x000000000000242c      0x406 build/keyboard.o

.debug_abbrev   0x0000000000000000      0xc1e
 *(.debug_abbrev)
 .debug_abbrev  0x0000000000000000       0xa4 build/main.o
 .debug_abbrev  0x00000000000000a4      0x163 build/thread.o
 .debug_abbrev  0x0000000000000207       0x48 build/init.o
 .debug_abbrev  0x000000000000024f      0x15e build/memory.o
 .debug_abbrev  0x00000000000003ad      0x148 build/interrupt.o
 .debug_abbrev  0x00000000000004f5      0x10d build/timer.o
 .debug_abbrev  0x0000000000000602       0xfc build/list.o
 .debug_abbrev  0x00000000000006fe       0x60 build/debug.o
 .debug_abbrev  0x000000000000075e       0xe7 build/string.o
 .debug_abbrev  0x0000000000000845       0xea build/bitmap.o
 .debug_abbrev  0x000000000000092f       0xe3 build/sync.o
 .debug_abbrev  0x0000000000000a12       0xea build/console.o
 .debug_abbrev  0x0000000000000afc      0x122 build/keyboard.o

.debug_line     0x0000000000000000      0x8e7
 *(.debug_line .debug_line.* .debug_line_end)
 .debug_line    0x0000000000000000       0x49 build/main.o
 .debug_line    0x0000000000000049       0xff build/thread.o
 .debug_line    0x0000000000000148       0x45 build/init.o
 .debug_line    0x000000000000018d       0xff build/memory.o
 .debug_line    0x000000000000028c       0xf7 build/interrupt.o
 .debug_line    0x0000000000000383       0xa2 build/timer.o
 .debug_line    0x0000000000000425       0xb0 build/list.o
 .debug_line    0x00000000000004d5       0x4b build/debug.o
 .debug_line    0x0000000000000520       0xc6 build/string.o
 .debug_line    0x00000000000005e6       0x96 build/bitmap.o
 .debug_line    0x000000000000067c       0xd8 build/sync.o
 .debug_line    0x0000000000000754       0x97 build/console.o
 .debug_line    0x00000000000007eb       0xfc build/keyboard.o

.debug_frame    0x0000000000000000      0x894
 *(.debug_frame)
 .debug_frame   0x0000000000000000       0x5c build/main.o
 .debug_frame   0x000000000000005c      0x104 build/thread.o
 .debug_frame   0x0000000000000160       0x2c build/init.o
 .debug_frame   0x000000000000018c       0xec build/memory.o
 .debug_frame   0x0000000000000278      0x13c build/interrupt.o
 .debug_frame   0x00000000000003b4       0x7c build/timer.o
 .debug_frame   0x0000000000000430      0x104 build/list.o
 .debug_frame   0x0000000000000534       0x2c build/debug.o
 .debug_frame   0x0000000000000560      0x104 build/string.o
 .debug_frame   0x0000000000000664       0x84 build/bitmap.o
 .debug_frame   0x00000000000006e8       0xac build/sync.o
 .debug_frame   0x0000000000000794       0xa4 build/console.o
 .debug_frame   0x0000000000000838       0x5c build/keyboard.o

.debug_str      0x0000000000000000      0xa88
 *(.debug_str)
 .debug_str     0x0000000000000000       0xa2 build/main.o
                                         0xc0 (size before relaxing)
 .debug_str     0x00000000000000a2      0x242 build/thread.o
                                        0x2f3 (size before relaxing)
 .debug_str     0x00000000000002e4       0x17 build/init.o
                                         0xa9 (size before relaxing)
 .debug_str     0x00000000000002fb      0x1ef build/memory.o
                                        0x2c8 (size before relaxing)
 .debug_str     0x00000000000004ea      0x183 build/interrupt.o
                                        0x279 (size before relaxing)
 .debug_str     0x000000000000066d       0x6e build/timer.o
                                        0x212 (size before relaxing)
 .debug_str     0x00000000000006db       0x9c build/list.o
                                        0x19e (size before relaxing)
 .debug_str     0x0000000000000777       0x32 build/debug.o
                                         0xc9 (size before relaxing)
 .debug_str     0x00000000000007a9       0x70 build/string.o
                                        0x12e (size before relaxing)
 .debug_str     0x0000000000000819       0x73 build/bitmap.o
                                        0x14f (size before relaxing)
 .debug_str     0x000000000000088c       0x93 build/sync.o
                                        0x256 (size before relaxing)
 .debug_str     0x000000000000091f       0x86 build/console.o
                                        0x242 (size before relaxing)
 .debug_str     0x00000000000009a5       0xe3 build/keyboard.o
                                        0x2ab (size before relaxing)

.debug_loc      0x0000000000000000      0xd94
 *(.debug_loc)
 .debug_loc     0x0000000000000000       0x84 build/main.o
 .debug_loc     0x0000000000000084      0x1b8 build/thread.o
 .debug_loc     0x000000000000023c       0x2c build/init.o
 .debug_loc     0x0000000000000268      0x18c build/memory.o
 .debug_loc     0x00000000000003f4      0x210 build/interrupt.o
 .debug_loc     0x0000000000000604       0xb0 build/timer.o
 .debug_loc     0x00000000000006b4      0x1b8 build/list.o
 .debug_loc     0x000000000000086c       0x2c build/debug.o
 .debug_loc     0x0000000000000898      0x1b8 build/string.o
 .debug_loc     0x0000000000000a50       0xb0 build/bitmap.o
 .debug_loc     0x0000000000000b00      0x108 build/sync.o
 .debug_loc     0x0000000000000c08      0x108 build/console.o
 .debug_loc     0x0000000000000d10       0x84 build/keyboard.o

.debug_macinfo
 *(.debug_macinfo)

.debug_weaknames
 *(.debug_weaknames)

.debug_funcnames
 *(.debug_funcnames)

.debug_typenames
 *(.debug_typenames)

.debug_varnames
 *(.debug_varnames)

.debug_pubtypes
 *(.debug_pubtypes)

.debug_ranges   0x0000000000000000       0x18
 *(.debug_ranges)
 .debug_ranges  0x0000000000000000       0x18 build/keyboard.o

.debug_macro
 *(.debug_macro)

.debug_addr
 *(.debug_addr)

.gnu.attributes
 *(.gnu.attributes)

/DISCARD/
 *(.note.GNU-stack)
 *(.gnu_debuglink)
 *(.gnu.lto_*)
OUTPUT(build/kernel.bin elf32-i386)
