
Allocating common symbols
Common symbol       size              file

kbd_buf             0x6c              build/keyboard.o
root_dir            0x208             build/dir.o
thread_ready_list   0x10              build/thread.o
thread_all_list     0x10              build/thread.o
user_pool           0x2c              build/memory.o
channel_cnt         0x1               build/ide.o
cur_part            0x4               build/fs.o
k_block_descs       0xa8              build/memory.o
idle_thread         0x4               build/thread.o
intr_name           0x204             build/interrupt.o
main_thread         0x4               build/thread.o
channels            0xcc0             build/ide.o
ticks               0x4               build/timer.o
kernel_vaddr        0xc               build/memory.o
syscall_table       0x80              build/syscall-init.o
idt_table           0x204             build/interrupt.o
file_table          0x180             build/file.o
partition_list      0x10              build/ide.o
kernel_pool         0x2c              build/memory.o
pid_lock            0x1c              build/thread.o

Discarded input sections

 .note.GNU-stack
                0x0000000000000000        0x0 build/main.o
 .note.GNU-stack
                0x0000000000000000        0x0 build/init.o
 .note.GNU-stack
                0x0000000000000000        0x0 build/interrupt.o
 .note.GNU-stack
                0x0000000000000000        0x0 build/timer.o
 .note.GNU-stack
                0x0000000000000000        0x0 build/debug.o
 .note.GNU-stack
                0x0000000000000000        0x0 build/string.o
 .note.GNU-stack
                0x0000000000000000        0x0 build/bitmap.o
 .note.GNU-stack
                0x0000000000000000        0x0 build/memory.o
 .note.GNU-stack
                0x0000000000000000        0x0 build/thread.o
 .note.GNU-stack
                0x0000000000000000        0x0 build/list.o
 .note.GNU-stack
                0x0000000000000000        0x0 build/sync.o
 .note.GNU-stack
                0x0000000000000000        0x0 build/console.o
 .note.GNU-stack
                0x0000000000000000        0x0 build/keyboard.o
 .note.GNU-stack
                0x0000000000000000        0x0 build/ioqueue.o
 .note.GNU-stack
                0x0000000000000000        0x0 build/tss.o
 .note.GNU-stack
                0x0000000000000000        0x0 build/process.o
 .note.GNU-stack
                0x0000000000000000        0x0 build/syscall.o
 .note.GNU-stack
                0x0000000000000000        0x0 build/syscall-init.o
 .note.GNU-stack
                0x0000000000000000        0x0 build/stdio.o
 .note.GNU-stack
                0x0000000000000000        0x0 build/stdio-kernel.o
 .note.GNU-stack
                0x0000000000000000        0x0 build/fs.o
 .note.GNU-stack
                0x0000000000000000        0x0 build/ide.o
 .note.GNU-stack
                0x0000000000000000        0x0 build/inode.o
 .note.GNU-stack
                0x0000000000000000        0x0 build/dir.o
 .note.GNU-stack
                0x0000000000000000        0x0 build/file.o

Memory Configuration

Name             Origin             Length             Attributes
*default*        0x0000000000000000 0xffffffffffffffff

Linker script and memory map

Address of section .text set to 0xc0001500
LOAD build/main.o
LOAD build/init.o
LOAD build/interrupt.o
LOAD build/timer.o
LOAD build/kernel.o
LOAD build/print.o
LOAD build/debug.o
LOAD build/string.o
LOAD build/bitmap.o
LOAD build/memory.o
LOAD build/thread.o
LOAD build/list.o
LOAD build/switch.o
LOAD build/sync.o
LOAD build/console.o
LOAD build/keyboard.o
LOAD build/ioqueue.o
LOAD build/tss.o
LOAD build/process.o
LOAD build/syscall.o
LOAD build/syscall-init.o
LOAD build/stdio.o
LOAD build/stdio-kernel.o
LOAD build/fs.o
LOAD build/ide.o
LOAD build/inode.o
LOAD build/dir.o
LOAD build/file.o
                [!provide]                        PROVIDE (__executable_start = SEGMENT_START ("text-segment", 0x8048000))
                0x00000000080480d4                . = (SEGMENT_START ("text-segment", 0x8048000) + SIZEOF_HEADERS)

.interp
 *(.interp)

.note.gnu.build-id
 *(.note.gnu.build-id)

.hash
 *(.hash)

.gnu.hash
 *(.gnu.hash)

.dynsym
 *(.dynsym)

.dynstr
 *(.dynstr)

.gnu.version
 *(.gnu.version)

.gnu.version_d
 *(.gnu.version_d)

.gnu.version_r
 *(.gnu.version_r)

.rel.dyn        0x00000000080480d4        0x0
 *(.rel.init)
 *(.rel.text .rel.text.* .rel.gnu.linkonce.t.*)
 .rel.text      0x00000000080480d4        0x0 build/main.o
 *(.rel.fini)
 *(.rel.rodata .rel.rodata.* .rel.gnu.linkonce.r.*)
 *(.rel.data.rel.ro .rel.data.rel.ro.* .rel.gnu.linkonce.d.rel.ro.*)
 *(.rel.data .rel.data.* .rel.gnu.linkonce.d.*)
 *(.rel.tdata .rel.tdata.* .rel.gnu.linkonce.td.*)
 *(.rel.tbss .rel.tbss.* .rel.gnu.linkonce.tb.*)
 *(.rel.ctors)
 *(.rel.dtors)
 *(.rel.got)
 .rel.got       0x00000000080480d4        0x0 build/main.o
 *(.rel.bss .rel.bss.* .rel.gnu.linkonce.b.*)
 *(.rel.ifunc)

.rel.plt        0x00000000080480d4        0x0
 *(.rel.plt)
                [!provide]                        PROVIDE (__rel_iplt_start = .)
 *(.rel.iplt)
 .rel.iplt      0x00000000080480d4        0x0 build/main.o
                [!provide]                        PROVIDE (__rel_iplt_end = .)
                0x0000000008049000                . = ALIGN (CONSTANT (MAXPAGESIZE))

.init
 *(SORT_NONE(.init))

.plt            0x0000000008049000        0x0
 *(.plt)
 *(.iplt)
 .iplt          0x0000000008049000        0x0 build/main.o

.plt.got
 *(.plt.got)

.plt.sec
 *(.plt.sec)

.text           0x00000000c0001500     0x90fe
 *(.text.unlikely .text.*_unlikely .text.unlikely.*)
 *(.text.exit .text.exit.*)
 *(.text.startup .text.startup.*)
 *(.text.hot .text.hot.*)
 *(SORT_BY_NAME(.text.sorted.*))
 *(.text .stub .text.* .gnu.linkonce.t.*)
 .text          0x00000000c0001500       0xde build/main.o
                0x00000000c0001500                main
 .text          0x00000000c00015de       0x46 build/init.o
                0x00000000c00015de                init_all
 .text          0x00000000c0001624      0x481 build/interrupt.o
                0x00000000c000199c                register_handler
                0x00000000c00019b8                idt_init
                0x00000000c0001a16                intr_get_status
                0x00000000c0001a39                intr_enable
                0x00000000c0001a62                intr_disable
                0x00000000c0001a8a                intr_set_status
 .text          0x00000000c0001aa5      0x212 build/timer.o
                0x00000000c0001bdb                timer_init
                0x00000000c0001c5f                mtime_sleep
 *fill*         0x00000000c0001cb7        0x9 
 .text          0x00000000c0001cc0      0x55b build/kernel.o
                0x00000000c0001cc0                intr_exit
                0x00000000c00021f7                syscall_handler
 *fill*         0x00000000c000221b        0x5 
 .text          0x00000000c0002220      0x172 build/print.o
                0x00000000c0002220                put_str
                0x00000000c000223e                put_char
                0x00000000c000230b                put_int
                0x00000000c000236e                set_cursor
 .text          0x00000000c0002392       0xa5 build/debug.o
                0x00000000c0002392                panic_spin
 .text          0x00000000c0002437      0x454 build/string.o
                0x00000000c0002437                memset
                0x00000000c0002493                memcpy
                0x00000000c00024fb                memcmp
                0x00000000c0002591                strcpy
                0x00000000c00025f4                strlen
                0x00000000c000264e                strcmp
                0x00000000c00026d5                strchr
                0x00000000c000273b                strrchr
                0x00000000c00027a4                strcat
                0x00000000c000281e                strchrs
 .text          0x00000000c000288b      0x1f3 build/bitmap.o
                0x00000000c000288b                bitmap_init
                0x00000000c00028b2                bitmap_scan_test
                0x00000000c00028f4                bitmap_scan
                0x00000000c00029c5                bitmap_set
 .text          0x00000000c0002a7e     0x1107 build/memory.o
                0x00000000c0002dc4                pde_ptr
                0x00000000c0002de0                pte_ptr
                0x00000000c0002f4b                malloc_page
                0x00000000c0003015                get_kernel_pages
                0x00000000c0003071                get_user_pages
                0x00000000c00030c7                get_a_page
                0x00000000c0003243                addr_v2p
                0x00000000c0003271                block_desc_init
                0x00000000c0003316                sys_malloc
                0x00000000c0003626                pfree
                0x00000000c000376e                mfree_page
                0x00000000c0003943                sys_free
                0x00000000c0003b44                mem_init
 .text          0x00000000c0003b85      0x70c build/thread.o
                0x00000000c0003b9b                running_thread
                0x00000000c0003bc6                thread_create
                0x00000000c0003c72                init_thread
                0x00000000c0003d5c                thread_start
                0x00000000c0003ed7                schedule
                0x00000000c0004027                thread_block
                0x00000000c000408e                thread_unblock
                0x00000000c0004199                thread_init
                0x00000000c000420b                thread_yield
 .text          0x00000000c0004291      0x1e4 build/list.o
                0x00000000c0004291                list_init
                0x00000000c00042be                list_insert_before
                0x00000000c00042ff                list_push
                0x00000000c000431c                list_append
                0x00000000c0004339                list_remove
                0x00000000c000436f                list_pop
                0x00000000c000438e                elem_find
                0x00000000c00043c9                list_traversal
                0x00000000c0004427                list_len
                0x00000000c000445c                list_empty
 *fill*         0x00000000c0004475        0xb 
 .text          0x00000000c0004480       0x15 build/switch.o
                0x00000000c0004480                switch_to
 .text          0x00000000c0004495      0x347 build/sync.o
                0x00000000c0004495                sema_init
                0x00000000c00044ba                lock_init
                0x00000000c00044eb                sema_down
                0x00000000c00045ff                sema_up
                0x00000000c00046b5                lock_acquire
                0x00000000c0004731                lock_release
 .text          0x00000000c00047dc       0x9a build/console.o
                0x00000000c00047dc                console_init
                0x00000000c00047f0                console_acquire
                0x00000000c0004804                console_release
                0x00000000c0004818                console_put_str
                0x00000000c0004835                console_put_char
                0x00000000c0004859                console_put_int
 .text          0x00000000c0004876      0x268 build/keyboard.o
                0x00000000c0004aaa                keyboard_init
 .text          0x00000000c0004ade      0x241 build/ioqueue.o
                0x00000000c0004ade                ioqueue_init
                0x00000000c0004b3b                ioq_full
                0x00000000c0004b8c                ioq_empty
                0x00000000c0004c71                ioq_getchar
 .text          0x00000000c0004d1f      0x1ae build/tss.o
                0x00000000c0004d1f                update_tss_esp
                0x00000000c0004d9a                tss_init
 .text          0x00000000c0004ecd      0x367 build/process.o
                0x00000000c0004ecd                start_process
                0x00000000c0004fd3                page_dir_activate
                0x00000000c0005003                process_activate
                0x00000000c0005055                create_page_dir
                0x00000000c00050c6                create_user_vaddr_bitmap
                0x00000000c000510a                process_execute
 .text          0x00000000c0005234       0x73 build/syscall.o
                0x00000000c0005234                getpid
                0x00000000c0005249                write
                0x00000000c000526c                malloc
                0x00000000c000528b                free
 .text          0x00000000c00052a7       0x5a build/syscall-init.o
                0x00000000c00052a7                sys_getpid
                0x00000000c00052b9                syscall_init
 .text          0x00000000c0005301      0x2ba build/stdio.o
                0x00000000c0005387                vsprintf
                0x00000000c000550b                printf
                0x00000000c0005587                sprintf
 .text          0x00000000c00055bb       0x62 build/stdio-kernel.o
                0x00000000c00055bb                printk
 .text          0x00000000c000561d     0x198f build/fs.o
                0x00000000c0005d2b                filesys_init
                0x00000000c0005f59                path_depth_cnt
                0x00000000c0006281                sys_open
                0x00000000c0006528                sys_close
                0x00000000c000657d                sys_write
                0x00000000c0006667                sys_read
                0x00000000c00066e8                sys_lseek
                0x00000000c00067d0                sys_unlink
                0x00000000c00069f1                sys_mkdir
                0x00000000c0006e1e                sys_opendir
                0x00000000c0006f36                sys_closedir
                0x00000000c0006f60                sys_readdir
                0x00000000c0006f9d                sys_rewinddir
 .text          0x00000000c0006fac      0xe1f build/ide.o
                0x00000000c00072c6                ide_read
                0x00000000c0007458                ide_write
                0x00000000c00075ea                intr_hd_handler
                0x00000000c0007bcd                ide_init
 .text          0x00000000c0007dcb      0x80f build/inode.o
                0x00000000c0007e6f                inode_sync
                0x00000000c0007fe0                inode_open
                0x00000000c0008139                inode_close
                0x00000000c00081aa                inode_init
                0x00000000c00081f9                inode_delete
                0x00000000c000835b                inode_release
 .text          0x00000000c00085da      0xe5c build/dir.o
                0x00000000c00085da                open_root_dir
                0x00000000c0008609                dir_open
                0x00000000c0008644                search_dir_entry
                0x00000000c0008814                dir_close
                0x00000000c0008840                create_dir_entry
                0x00000000c00088b6                sync_dir_entry
                0x00000000c0008d63                delete_dir_entry
                0x00000000c000922a                dir_read
 .text          0x00000000c0009436     0x11c8 build/file.o
                0x00000000c0009436                get_free_slot_in_global
                0x00000000c0009486                pcb_fd_install
                0x00000000c00094e9                inode_bitmap_alloc
                0x00000000c0009537                block_bitmap_alloc
                0x00000000c0009591                bitmap_sync
                0x00000000c000961c                file_create
                0x00000000c00098e6                file_open
                0x00000000c0009a05                file_close
                0x00000000c0009a44                file_write
                0x00000000c000a22b                file_read
 *(.gnu.warning)

.fini
 *(SORT_NONE(.fini))
                [!provide]                        PROVIDE (__etext = .)
                [!provide]                        PROVIDE (_etext = .)
                [!provide]                        PROVIDE (etext = .)
                0x00000000c000b000                . = ALIGN (CONSTANT (MAXPAGESIZE))
                0x00000000c000b000                . = SEGMENT_START ("rodata-segment", (ALIGN (CONSTANT (MAXPAGESIZE)) + (. & (CONSTANT (MAXPAGESIZE) - 0x1))))

.rodata         0x00000000c000b000     0x1ea4
 *(.rodata .rodata.* .gnu.linkonce.r.*)
 .rodata        0x00000000c000b000       0xb0 build/main.o
 .rodata        0x00000000c000b0b0        0xa build/init.o
 *fill*         0x00000000c000b0ba        0x2 
 .rodata        0x00000000c000b0bc      0x2cc build/interrupt.o
 .rodata        0x00000000c000b388       0x87 build/timer.o
 .rodata        0x00000000c000b40f       0x3f build/debug.o
 .rodata        0x00000000c000b44e       0xb9 build/string.o
 .rodata        0x00000000c000b507       0x3c build/bitmap.o
 *fill*         0x00000000c000b543        0x1 
 .rodata        0x00000000c000b544      0x3b4 build/memory.o
 .rodata        0x00000000c000b8f8      0x2d0 build/thread.o
 .rodata        0x00000000c000bbc8      0x12f build/sync.o
 .rodata        0x00000000c000bcf7       0x36 build/keyboard.o
 *fill*         0x00000000c000bd2d        0x3 
 .rodata        0x00000000c000bd30       0x91 build/ioqueue.o
 .rodata        0x00000000c000bdc1       0x27 build/tss.o
 .rodata        0x00000000c000bde8       0xdd build/process.o
 .rodata        0x00000000c000bec5       0x27 build/syscall-init.o
 .rodata        0x00000000c000beec      0x72f build/fs.o
 *fill*         0x00000000c000c61b        0x1 
 .rodata        0x00000000c000c61c      0x1f4 build/ide.o
 .rodata        0x00000000c000c810       0xbb build/inode.o
 *fill*         0x00000000c000c8cb        0x1 
 .rodata        0x00000000c000c8cc      0x1a4 build/dir.o
 .rodata        0x00000000c000ca70      0x434 build/file.o

.rodata1
 *(.rodata1)

.eh_frame_hdr
 *(.eh_frame_hdr)
 *(.eh_frame_entry .eh_frame_entry.*)

.eh_frame
 *(.eh_frame)
 *(.eh_frame.*)

.gcc_except_table
 *(.gcc_except_table .gcc_except_table.*)

.gnu_extab
 *(.gnu_extab*)

.exception_ranges
 *(.exception_ranges*)
                0x00000000c000d000                . = DATA_SEGMENT_ALIGN (CONSTANT (MAXPAGESIZE), CONSTANT (COMMONPAGESIZE))

.eh_frame
 *(.eh_frame)
 *(.eh_frame.*)

.gnu_extab
 *(.gnu_extab)

.gcc_except_table
 *(.gcc_except_table .gcc_except_table.*)

.exception_ranges
 *(.exception_ranges*)

.tdata          0x00000000c000d000        0x0
                [!provide]                        PROVIDE (__tdata_start = .)
 *(.tdata .tdata.* .gnu.linkonce.td.*)

.tbss
 *(.tbss .tbss.* .gnu.linkonce.tb.*)
 *(.tcommon)

.preinit_array  0x00000000c000d000        0x0
                [!provide]                        PROVIDE (__preinit_array_start = .)
 *(.preinit_array)
                [!provide]                        PROVIDE (__preinit_array_end = .)

.init_array     0x00000000c000d000        0x0
                [!provide]                        PROVIDE (__init_array_start = .)
 *(SORT_BY_INIT_PRIORITY(.init_array.*) SORT_BY_INIT_PRIORITY(.ctors.*))
 *(.init_array EXCLUDE_FILE(*crtend?.o *crtend.o *crtbegin?.o *crtbegin.o) .ctors)
                [!provide]                        PROVIDE (__init_array_end = .)

.fini_array     0x00000000c000d000        0x0
                [!provide]                        PROVIDE (__fini_array_start = .)
 *(SORT_BY_INIT_PRIORITY(.fini_array.*) SORT_BY_INIT_PRIORITY(.dtors.*))
 *(.fini_array EXCLUDE_FILE(*crtend?.o *crtend.o *crtbegin?.o *crtbegin.o) .dtors)
                [!provide]                        PROVIDE (__fini_array_end = .)

.ctors
 *crtbegin.o(.ctors)
 *crtbegin?.o(.ctors)
 *(EXCLUDE_FILE(*crtend?.o *crtend.o) .ctors)
 *(SORT_BY_NAME(.ctors.*))
 *(.ctors)

.dtors
 *crtbegin.o(.dtors)
 *crtbegin?.o(.dtors)
 *(EXCLUDE_FILE(*crtend?.o *crtend.o) .dtors)
 *(SORT_BY_NAME(.dtors.*))
 *(.dtors)

.jcr
 *(.jcr)

.data.rel.ro
 *(.data.rel.ro.local* .gnu.linkonce.d.rel.ro.local.*)
 *(.data.rel.ro .data.rel.ro.* .gnu.linkonce.d.rel.ro.*)

.dynamic
 *(.dynamic)

.got            0x00000000c000d000        0x0
 *(.got)
 .got           0x00000000c000d000        0x0 build/main.o
 *(.igot)
                0x00000000c000d000                . = DATA_SEGMENT_RELRO_END (., (SIZEOF (.got.plt) >= 0xc)?0xc:0x0)

.got.plt        0x00000000c000d000        0x0
 *(.got.plt)
 .got.plt       0x00000000c000d000        0x0 build/main.o
 *(.igot.plt)
 .igot.plt      0x00000000c000d000        0x0 build/main.o

.data           0x00000000c000d000      0x156
 *(.data .data.* .gnu.linkonce.d.*)
 .data          0x00000000c000d000        0x0 build/main.o
 .data          0x00000000c000d000        0x0 build/init.o
 .data          0x00000000c000d000        0x0 build/interrupt.o
 .data          0x00000000c000d000        0x0 build/timer.o
 .data          0x00000000c000d000       0xd2 build/kernel.o
                0x00000000c000d012                intr_entry_table
 *fill*         0x00000000c000d0d2        0x2 
 .data          0x00000000c000d0d4        0x8 build/print.o
 .data          0x00000000c000d0dc        0x0 build/debug.o
 .data          0x00000000c000d0dc        0x0 build/string.o
 .data          0x00000000c000d0dc        0x0 build/bitmap.o
 .data          0x00000000c000d0dc        0x0 build/memory.o
 .data          0x00000000c000d0dc        0x0 build/thread.o
 .data          0x00000000c000d0dc        0x0 build/list.o
 .data          0x00000000c000d0dc        0x0 build/sync.o
 .data          0x00000000c000d0dc        0x0 build/console.o
 *fill*         0x00000000c000d0dc        0x4 
 .data          0x00000000c000d0e0       0x76 build/keyboard.o
                0x00000000c000d0e0                keymap
 .data          0x00000000c000d156        0x0 build/ioqueue.o
 .data          0x00000000c000d156        0x0 build/tss.o
 .data          0x00000000c000d156        0x0 build/process.o
 .data          0x00000000c000d156        0x0 build/syscall.o
 .data          0x00000000c000d156        0x0 build/syscall-init.o
 .data          0x00000000c000d156        0x0 build/stdio.o
 .data          0x00000000c000d156        0x0 build/stdio-kernel.o
 .data          0x00000000c000d156        0x0 build/fs.o
 .data          0x00000000c000d156        0x0 build/ide.o
 .data          0x00000000c000d156        0x0 build/inode.o
 .data          0x00000000c000d156        0x0 build/dir.o
 .data          0x00000000c000d156        0x0 build/file.o

.data1
 *(.data1)
                0x00000000c000d156                _edata = .
                [!provide]                        PROVIDE (edata = .)
                0x00000000c000d156                . = .
                0x00000000c000d156                __bss_start = .

.bss            0x00000000c000d160     0x1c40
 *(.dynbss)
 *(.bss .bss.* .gnu.linkonce.b.*)
 .bss           0x00000000c000d160        0x0 build/main.o
 .bss           0x00000000c000d160        0x0 build/init.o
 .bss           0x00000000c000d160      0x408 build/interrupt.o
 .bss           0x00000000c000d568        0x0 build/timer.o
 .bss           0x00000000c000d568        0x0 build/debug.o
 .bss           0x00000000c000d568        0x0 build/string.o
 .bss           0x00000000c000d568        0x0 build/bitmap.o
 .bss           0x00000000c000d568        0x0 build/memory.o
 .bss           0x00000000c000d568        0x6 build/thread.o
 .bss           0x00000000c000d56e        0x0 build/list.o
 .bss           0x00000000c000d56e        0x0 build/sync.o
 *fill*         0x00000000c000d56e        0x2 
 .bss           0x00000000c000d570       0x1c build/console.o
 .bss           0x00000000c000d58c       0x14 build/keyboard.o
                0x00000000c000d58c                ctrl_status
                0x00000000c000d590                shift_status
                0x00000000c000d594                alt_status
                0x00000000c000d598                caps_lock_status
                0x00000000c000d59c                ext_scancode
 .bss           0x00000000c000d5a0        0x0 build/ioqueue.o
 .bss           0x00000000c000d5a0       0x68 build/tss.o
 .bss           0x00000000c000d608        0x0 build/process.o
 .bss           0x00000000c000d608        0x0 build/syscall.o
 .bss           0x00000000c000d608        0x0 build/syscall-init.o
 .bss           0x00000000c000d608        0x0 build/stdio.o
 .bss           0x00000000c000d608        0x0 build/stdio-kernel.o
 .bss           0x00000000c000d608        0x0 build/fs.o
 .bss           0x00000000c000d608        0x6 build/ide.o
                0x00000000c000d608                ext_lba_base
                0x00000000c000d60c                p_no
                0x00000000c000d60d                l_no
 .bss           0x00000000c000d60e        0x0 build/inode.o
 .bss           0x00000000c000d60e        0x0 build/dir.o
 .bss           0x00000000c000d60e        0x0 build/file.o
 *(COMMON)
 *fill*         0x00000000c000d60e       0x12 
 COMMON         0x00000000c000d620      0x424 build/interrupt.o
                0x00000000c000d620                intr_name
                0x00000000c000d840                idt_table
 COMMON         0x00000000c000da44        0x4 build/timer.o
                0x00000000c000da44                ticks
 *fill*         0x00000000c000da48       0x18 
 COMMON         0x00000000c000da60      0x12c build/memory.o
                0x00000000c000da60                user_pool
                0x00000000c000daa0                k_block_descs
                0x00000000c000db48                kernel_vaddr
                0x00000000c000db60                kernel_pool
 COMMON         0x00000000c000db8c       0x44 build/thread.o
                0x00000000c000db8c                thread_ready_list
                0x00000000c000db9c                thread_all_list
                0x00000000c000dbac                idle_thread
                0x00000000c000dbb0                main_thread
                0x00000000c000dbb4                pid_lock
 *fill*         0x00000000c000dbd0       0x10 
 COMMON         0x00000000c000dbe0       0x6c build/keyboard.o
                0x00000000c000dbe0                kbd_buf
 *fill*         0x00000000c000dc4c       0x14 
 COMMON         0x00000000c000dc60       0x80 build/syscall-init.o
                0x00000000c000dc60                syscall_table
 COMMON         0x00000000c000dce0        0x4 build/fs.o
                0x00000000c000dce0                cur_part
 *fill*         0x00000000c000dce4       0x1c 
 COMMON         0x00000000c000dd00      0xcf0 build/ide.o
                0x00000000c000dd00                channel_cnt
                0x00000000c000dd20                channels
                0x00000000c000e9e0                partition_list
 *fill*         0x00000000c000e9f0       0x10 
 COMMON         0x00000000c000ea00      0x208 build/dir.o
                0x00000000c000ea00                root_dir
 *fill*         0x00000000c000ec08       0x18 
 COMMON         0x00000000c000ec20      0x180 build/file.o
                0x00000000c000ec20                file_table
                0x00000000c000eda0                . = ALIGN ((. != 0x0)?0x4:0x1)
                0x00000000c000eda0                . = ALIGN (0x4)
                0x00000000c000eda0                . = SEGMENT_START ("ldata-segment", .)
                0x00000000c000eda0                . = ALIGN (0x4)
                0x00000000c000eda0                _end = .
                [!provide]                        PROVIDE (end = .)
                0x00000000c000eda0                . = DATA_SEGMENT_END (.)

.stab           0x0000000000000000      0xac8
 *(.stab)
 .stab          0x0000000000000000      0x36c build/kernel.o
 .stab          0x000000000000036c      0x6a8 build/print.o
                                        0x6b4 (size before relaxing)
 .stab          0x0000000000000a14       0xb4 build/switch.o
                                         0xc0 (size before relaxing)

.stabstr        0x0000000000000000       0x34
 *(.stabstr)
 .stabstr       0x0000000000000000       0x34 build/kernel.o

.stab.excl
 *(.stab.excl)

.stab.exclstr
 *(.stab.exclstr)

.stab.index
 *(.stab.index)

.stab.indexstr
 *(.stab.indexstr)

.comment        0x0000000000000000       0x2a
 *(.comment)
 .comment       0x0000000000000000       0x2a build/main.o
                                         0x2b (size before relaxing)
 .comment       0x000000000000002a       0x2b build/init.o
 .comment       0x000000000000002a       0x2b build/interrupt.o
 .comment       0x000000000000002a       0x2b build/timer.o
 .comment       0x000000000000002a       0x2b build/debug.o
 .comment       0x000000000000002a       0x2b build/string.o
 .comment       0x000000000000002a       0x2b build/bitmap.o
 .comment       0x000000000000002a       0x2b build/memory.o
 .comment       0x000000000000002a       0x2b build/thread.o
 .comment       0x000000000000002a       0x2b build/list.o
 .comment       0x000000000000002a       0x2b build/sync.o
 .comment       0x000000000000002a       0x2b build/console.o
 .comment       0x000000000000002a       0x2b build/keyboard.o
 .comment       0x000000000000002a       0x2b build/ioqueue.o
 .comment       0x000000000000002a       0x2b build/tss.o
 .comment       0x000000000000002a       0x2b build/process.o
 .comment       0x000000000000002a       0x2b build/syscall.o
 .comment       0x000000000000002a       0x2b build/syscall-init.o
 .comment       0x000000000000002a       0x2b build/stdio.o
 .comment       0x000000000000002a       0x2b build/stdio-kernel.o
 .comment       0x000000000000002a       0x2b build/fs.o
 .comment       0x000000000000002a       0x2b build/ide.o
 .comment       0x000000000000002a       0x2b build/inode.o
 .comment       0x000000000000002a       0x2b build/dir.o
 .comment       0x000000000000002a       0x2b build/file.o

.gnu.build.attributes
 *(.gnu.build.attributes .gnu.build.attributes.*)

.debug
 *(.debug)

.line
 *(.line)

.debug_srcinfo
 *(.debug_srcinfo)

.debug_sfnames
 *(.debug_sfnames)

.debug_aranges  0x0000000000000000      0x320
 *(.debug_aranges)
 .debug_aranges
                0x0000000000000000       0x20 build/main.o
 .debug_aranges
                0x0000000000000020       0x20 build/init.o
 .debug_aranges
                0x0000000000000040       0x20 build/interrupt.o
 .debug_aranges
                0x0000000000000060       0x20 build/timer.o
 .debug_aranges
                0x0000000000000080       0x20 build/debug.o
 .debug_aranges
                0x00000000000000a0       0x20 build/string.o
 .debug_aranges
                0x00000000000000c0       0x20 build/bitmap.o
 .debug_aranges
                0x00000000000000e0       0x20 build/memory.o
 .debug_aranges
                0x0000000000000100       0x20 build/thread.o
 .debug_aranges
                0x0000000000000120       0x20 build/list.o
 .debug_aranges
                0x0000000000000140       0x20 build/sync.o
 .debug_aranges
                0x0000000000000160       0x20 build/console.o
 .debug_aranges
                0x0000000000000180       0x20 build/keyboard.o
 .debug_aranges
                0x00000000000001a0       0x20 build/ioqueue.o
 .debug_aranges
                0x00000000000001c0       0x20 build/tss.o
 .debug_aranges
                0x00000000000001e0       0x20 build/process.o
 .debug_aranges
                0x0000000000000200       0x20 build/syscall.o
 .debug_aranges
                0x0000000000000220       0x20 build/syscall-init.o
 .debug_aranges
                0x0000000000000240       0x20 build/stdio.o
 .debug_aranges
                0x0000000000000260       0x20 build/stdio-kernel.o
 .debug_aranges
                0x0000000000000280       0x20 build/fs.o
 .debug_aranges
                0x00000000000002a0       0x20 build/ide.o
 .debug_aranges
                0x00000000000002c0       0x20 build/inode.o
 .debug_aranges
                0x00000000000002e0       0x20 build/dir.o
 .debug_aranges
                0x0000000000000300       0x20 build/file.o

.debug_pubnames
                0x0000000000000000      0xbb2
 *(.debug_pubnames)
 .debug_pubnames
                0x0000000000000000       0x1b build/main.o
 .debug_pubnames
                0x000000000000001b       0x1f build/init.o
 .debug_pubnames
                0x000000000000003a       0x99 build/interrupt.o
 .debug_pubnames
                0x00000000000000d3       0x3b build/timer.o
 .debug_pubnames
                0x000000000000010e       0x21 build/debug.o
 .debug_pubnames
                0x000000000000012f       0x82 build/string.o
 .debug_pubnames
                0x00000000000001b1       0x56 build/bitmap.o
 .debug_pubnames
                0x0000000000000207      0x115 build/memory.o
 .debug_pubnames
                0x000000000000031c      0x101 build/thread.o
 .debug_pubnames
                0x000000000000041d       0xaf build/list.o
 .debug_pubnames
                0x00000000000004cc       0x6a build/sync.o
 .debug_pubnames
                0x0000000000000536       0x88 build/console.o
 .debug_pubnames
                0x00000000000005be       0x91 build/keyboard.o
 .debug_pubnames
                0x000000000000064f       0x4e build/ioqueue.o
 .debug_pubnames
                0x000000000000069d       0x32 build/tss.o
 .debug_pubnames
                0x00000000000006cf       0x94 build/process.o
 .debug_pubnames
                0x0000000000000763       0x3b build/syscall.o
 .debug_pubnames
                0x000000000000079e       0x44 build/syscall-init.o
 .debug_pubnames
                0x00000000000007e2       0x36 build/stdio.o
 .debug_pubnames
                0x0000000000000818       0x1d build/stdio-kernel.o
 .debug_pubnames
                0x0000000000000835       0xe7 build/fs.o
 .debug_pubnames
                0x000000000000091c       0xa1 build/ide.o
 .debug_pubnames
                0x00000000000009bd       0x72 build/inode.o
 .debug_pubnames
                0x0000000000000a2f       0xab build/dir.o
 .debug_pubnames
                0x0000000000000ada       0xd8 build/file.o

.debug_info     0x0000000000000000     0x939a
 *(.debug_info .gnu.linkonce.wi.*)
 .debug_info    0x0000000000000000      0x237 build/main.o
 .debug_info    0x0000000000000237       0x7d build/init.o
 .debug_info    0x00000000000002b4      0x3ca build/interrupt.o
 .debug_info    0x000000000000067e      0x468 build/timer.o
 .debug_info    0x0000000000000ae6       0xc8 build/debug.o
 .debug_info    0x0000000000000bae      0x483 build/string.o
 .debug_info    0x0000000000001031      0x217 build/bitmap.o
 .debug_info    0x0000000000001248      0xd46 build/memory.o
 .debug_info    0x0000000000001f8e      0x7f9 build/thread.o
 .debug_info    0x0000000000002787      0x35c build/list.o
 .debug_info    0x0000000000002ae3      0x501 build/sync.o
 .debug_info    0x0000000000002fe4      0x3f4 build/console.o
 .debug_info    0x00000000000033d8      0x505 build/keyboard.o
 .debug_info    0x00000000000038dd      0x598 build/ioqueue.o
 .debug_info    0x0000000000003e75      0x5aa build/tss.o
 .debug_info    0x000000000000441f      0x5e5 build/process.o
 .debug_info    0x0000000000004a04      0x1b7 build/syscall.o
 .debug_info    0x0000000000004bbb       0xf5 build/syscall-init.o
 .debug_info    0x0000000000004cb0      0x241 build/stdio.o
 .debug_info    0x0000000000004ef1       0xdb build/stdio-kernel.o
 .debug_info    0x0000000000004fcc     0x126c build/fs.o
 .debug_info    0x0000000000006238      0xd7c build/ide.o
 .debug_info    0x0000000000006fb4      0xa77 build/inode.o
 .debug_info    0x0000000000007a2b      0xc2a build/dir.o
 .debug_info    0x0000000000008655      0xd45 build/file.o

.debug_abbrev   0x0000000000000000     0x1dcf
 *(.debug_abbrev)
 .debug_abbrev  0x0000000000000000       0xda build/main.o
 .debug_abbrev  0x00000000000000da       0x48 build/init.o
 .debug_abbrev  0x0000000000000122      0x148 build/interrupt.o
 .debug_abbrev  0x000000000000026a      0x142 build/timer.o
 .debug_abbrev  0x00000000000003ac       0x60 build/debug.o
 .debug_abbrev  0x000000000000040c       0xe7 build/string.o
 .debug_abbrev  0x00000000000004f3       0xea build/bitmap.o
 .debug_abbrev  0x00000000000005dd      0x208 build/memory.o
 .debug_abbrev  0x00000000000007e5      0x198 build/thread.o
 .debug_abbrev  0x000000000000097d       0xfc build/list.o
 .debug_abbrev  0x0000000000000a79      0x101 build/sync.o
 .debug_abbrev  0x0000000000000b7a      0x108 build/console.o
 .debug_abbrev  0x0000000000000c82      0x131 build/keyboard.o
 .debug_abbrev  0x0000000000000db3      0x14c build/ioqueue.o
 .debug_abbrev  0x0000000000000eff      0x122 build/tss.o
 .debug_abbrev  0x0000000000001021      0x13f build/process.o
 .debug_abbrev  0x0000000000001160       0xc8 build/syscall.o
 .debug_abbrev  0x0000000000001228       0xae build/syscall-init.o
 .debug_abbrev  0x00000000000012d6       0xe8 build/stdio.o
 .debug_abbrev  0x00000000000013be       0xab build/stdio-kernel.o
 .debug_abbrev  0x0000000000001469      0x231 build/fs.o
 .debug_abbrev  0x000000000000169a      0x23f build/ide.o
 .debug_abbrev  0x00000000000018d9      0x15f build/inode.o
 .debug_abbrev  0x0000000000001a38      0x1b7 build/dir.o
 .debug_abbrev  0x0000000000001bef      0x1e0 build/file.o

.debug_line     0x0000000000000000     0x1c19
 *(.debug_line .debug_line.* .debug_line_end)
 .debug_line    0x0000000000000000       0xa1 build/main.o
 .debug_line    0x00000000000000a1       0x49 build/init.o
 .debug_line    0x00000000000000ea       0xfa build/interrupt.o
 .debug_line    0x00000000000001e4       0xcf build/timer.o
 .debug_line    0x00000000000002b3       0x4b build/debug.o
 .debug_line    0x00000000000002fe       0xc5 build/string.o
 .debug_line    0x00000000000003c3       0x96 build/bitmap.o
 .debug_line    0x0000000000000459      0x251 build/memory.o
 .debug_line    0x00000000000006aa      0x14a build/thread.o
 .debug_line    0x00000000000007f4       0xb0 build/list.o
 .debug_line    0x00000000000008a4       0xf0 build/sync.o
 .debug_line    0x0000000000000994       0xb6 build/console.o
 .debug_line    0x0000000000000a4a      0x11b build/keyboard.o
 .debug_line    0x0000000000000b65       0xf2 build/ioqueue.o
 .debug_line    0x0000000000000c57       0xc4 build/tss.o
 .debug_line    0x0000000000000d1b       0xf6 build/process.o
 .debug_line    0x0000000000000e11       0x6c build/syscall.o
 .debug_line    0x0000000000000e7d       0x77 build/syscall-init.o
 .debug_line    0x0000000000000ef4       0xa5 build/stdio.o
 .debug_line    0x0000000000000f99       0x65 build/stdio-kernel.o
 .debug_line    0x0000000000000ffe      0x34b build/fs.o
 .debug_line    0x0000000000001349      0x209 build/ide.o
 .debug_line    0x0000000000001552      0x1a9 build/inode.o
 .debug_line    0x00000000000016fb      0x264 build/dir.o
 .debug_line    0x000000000000195f      0x2ba build/file.o

.debug_frame    0x0000000000000000     0x13a4
 *(.debug_frame)
 .debug_frame   0x0000000000000000       0x2c build/main.o
 .debug_frame   0x000000000000002c       0x2c build/init.o
 .debug_frame   0x0000000000000058      0x13c build/interrupt.o
 .debug_frame   0x0000000000000194       0xac build/timer.o
 .debug_frame   0x0000000000000240       0x2c build/debug.o
 .debug_frame   0x000000000000026c      0x104 build/string.o
 .debug_frame   0x0000000000000370       0x84 build/bitmap.o
 .debug_frame   0x00000000000003f4      0x20c build/memory.o
 .debug_frame   0x0000000000000600      0x14c build/thread.o
 .debug_frame   0x000000000000074c      0x104 build/list.o
 .debug_frame   0x0000000000000850       0xac build/sync.o
 .debug_frame   0x00000000000008fc       0xa4 build/console.o
 .debug_frame   0x00000000000009a0       0x5c build/keyboard.o
 .debug_frame   0x00000000000009fc       0xbc build/ioqueue.o
 .debug_frame   0x0000000000000ab8       0x60 build/tss.o
 .debug_frame   0x0000000000000b18       0xa4 build/process.o
 .debug_frame   0x0000000000000bbc       0x80 build/syscall.o
 .debug_frame   0x0000000000000c3c       0x44 build/syscall-init.o
 .debug_frame   0x0000000000000c80       0x80 build/stdio.o
 .debug_frame   0x0000000000000d00       0x34 build/stdio-kernel.o
 .debug_frame   0x0000000000000d34      0x1e0 build/fs.o
 .debug_frame   0x0000000000000f14      0x1d4 build/ide.o
 .debug_frame   0x00000000000010e8       0xc4 build/inode.o
 .debug_frame   0x00000000000011ac       0xec build/dir.o
 .debug_frame   0x0000000000001298      0x10c build/file.o

.debug_str      0x0000000000000000     0x1b0f
 *(.debug_str)
 .debug_str     0x0000000000000000      0x13d build/main.o
                                        0x170 (size before relaxing)
 .debug_str     0x000000000000013d       0x2f build/init.o
                                         0xa9 (size before relaxing)
 .debug_str     0x000000000000016c      0x1c7 build/interrupt.o
                                        0x283 (size before relaxing)
 .debug_str     0x0000000000000333      0x217 build/timer.o
                                        0x30e (size before relaxing)
 .debug_str     0x000000000000054a       0x29 build/debug.o
                                         0xc9 (size before relaxing)
 .debug_str     0x0000000000000573       0x70 build/string.o
                                        0x12e (size before relaxing)
 .debug_str     0x00000000000005e3       0x7b build/bitmap.o
                                        0x14f (size before relaxing)
 .debug_str     0x000000000000065e      0x2ab build/memory.o
                                        0x588 (size before relaxing)
 .debug_str     0x0000000000000909      0x144 build/thread.o
                                        0x41d (size before relaxing)
 .debug_str     0x0000000000000a4d       0x9c build/list.o
                                        0x19e (size before relaxing)
 .debug_str     0x0000000000000ae9       0x69 build/sync.o
                                        0x307 (size before relaxing)
 .debug_str     0x0000000000000b52       0x86 build/console.o
                                        0x2f3 (size before relaxing)
 .debug_str     0x0000000000000bd8       0xc5 build/keyboard.o
                                        0x354 (size before relaxing)
 .debug_str     0x0000000000000c9d       0x5d build/ioqueue.o
                                        0x30f (size before relaxing)
 .debug_str     0x0000000000000cfa       0xea build/tss.o
                                        0x361 (size before relaxing)
 .debug_str     0x0000000000000de4      0x10e build/process.o
                                        0x3d6 (size before relaxing)
 .debug_str     0x0000000000000ef2       0x4e build/syscall.o
                                        0x110 (size before relaxing)
 .debug_str     0x0000000000000f40       0x46 build/syscall-init.o
                                        0x115 (size before relaxing)
 .debug_str     0x0000000000000f86       0x66 build/stdio.o
                                        0x139 (size before relaxing)
 .debug_str     0x0000000000000fec       0x21 build/stdio-kernel.o
                                         0xc7 (size before relaxing)
 .debug_str     0x000000000000100d      0x53d build/fs.o
                                        0x8bf (size before relaxing)
 .debug_str     0x000000000000154a      0x1e9 build/ide.o
                                        0x59f (size before relaxing)
 .debug_str     0x0000000000001733      0x126 build/inode.o
                                        0x5ed (size before relaxing)
 .debug_str     0x0000000000001859      0x10a build/dir.o
                                        0x64e (size before relaxing)
 .debug_str     0x0000000000001963      0x1ac build/file.o
                                        0x7a9 (size before relaxing)

.debug_loc      0x0000000000000000     0x1f48
 *(.debug_loc)
 .debug_loc     0x0000000000000000       0x2c build/main.o
 .debug_loc     0x000000000000002c       0x2c build/init.o
 .debug_loc     0x0000000000000058      0x210 build/interrupt.o
 .debug_loc     0x0000000000000268      0x108 build/timer.o
 .debug_loc     0x0000000000000370       0x2c build/debug.o
 .debug_loc     0x000000000000039c      0x1b8 build/string.o
 .debug_loc     0x0000000000000554       0xb0 build/bitmap.o
 .debug_loc     0x0000000000000604      0x39c build/memory.o
 .debug_loc     0x00000000000009a0      0x23c build/thread.o
 .debug_loc     0x0000000000000bdc      0x1b8 build/list.o
 .debug_loc     0x0000000000000d94      0x108 build/sync.o
 .debug_loc     0x0000000000000e9c      0x108 build/console.o
 .debug_loc     0x0000000000000fa4       0x84 build/keyboard.o
 .debug_loc     0x0000000000001028      0x134 build/ioqueue.o
 .debug_loc     0x000000000000115c       0x84 build/tss.o
 .debug_loc     0x00000000000011e0      0x108 build/process.o
 .debug_loc     0x00000000000012e8       0xb0 build/syscall.o
 .debug_loc     0x0000000000001398       0x58 build/syscall-init.o
 .debug_loc     0x00000000000013f0       0xb0 build/stdio.o
 .debug_loc     0x00000000000014a0       0x2c build/stdio-kernel.o
 .debug_loc     0x00000000000014cc      0x318 build/fs.o
 .debug_loc     0x00000000000017e4      0x318 build/ide.o
 .debug_loc     0x0000000000001afc      0x134 build/inode.o
 .debug_loc     0x0000000000001c30      0x160 build/dir.o
 .debug_loc     0x0000000000001d90      0x1b8 build/file.o

.debug_macinfo
 *(.debug_macinfo)

.debug_weaknames
 *(.debug_weaknames)

.debug_funcnames
 *(.debug_funcnames)

.debug_typenames
 *(.debug_typenames)

.debug_varnames
 *(.debug_varnames)

.debug_pubtypes
 *(.debug_pubtypes)

.debug_ranges   0x0000000000000000       0x50
 *(.debug_ranges)
 .debug_ranges  0x0000000000000000       0x18 build/keyboard.o
 .debug_ranges  0x0000000000000018       0x38 build/dir.o

.debug_macro
 *(.debug_macro)

.debug_addr
 *(.debug_addr)

.gnu.attributes
 *(.gnu.attributes)

/DISCARD/
 *(.note.GNU-stack)
 *(.gnu_debuglink)
 *(.gnu.lto_*)
OUTPUT(build/kernel.bin elf32-i386)
