
Allocating common symbols
Common symbol       size              file

kbd_buf             0x6c              build/keyboard.o
root_dir            0x208             build/dir.o
thread_ready_list   0x10              build/thread.o
thread_all_list     0x10              build/thread.o
user_pool           0x2c              build/memory.o
channel_cnt         0x1               build/ide.o
cur_part            0x4               build/fs.o
k_block_descs       0xa8              build/memory.o
idle_thread         0x4               build/thread.o
intr_name           0x204             build/interrupt.o
main_thread         0x4               build/thread.o
channels            0xcc0             build/ide.o
ticks               0x4               build/timer.o
kernel_vaddr        0xc               build/memory.o
syscall_table       0x80              build/syscall-init.o
idt_table           0x204             build/interrupt.o
file_table          0x180             build/file.o
partition_list      0x10              build/ide.o
kernel_pool         0x2c              build/memory.o
pid_lock            0x1c              build/thread.o

Discarded input sections

 .note.GNU-stack
                0x0000000000000000        0x0 build/main.o
 .note.GNU-stack
                0x0000000000000000        0x0 build/init.o
 .note.GNU-stack
                0x0000000000000000        0x0 build/interrupt.o
 .note.GNU-stack
                0x0000000000000000        0x0 build/timer.o
 .note.GNU-stack
                0x0000000000000000        0x0 build/debug.o
 .note.GNU-stack
                0x0000000000000000        0x0 build/string.o
 .note.GNU-stack
                0x0000000000000000        0x0 build/bitmap.o
 .note.GNU-stack
                0x0000000000000000        0x0 build/memory.o
 .note.GNU-stack
                0x0000000000000000        0x0 build/thread.o
 .note.GNU-stack
                0x0000000000000000        0x0 build/list.o
 .note.GNU-stack
                0x0000000000000000        0x0 build/sync.o
 .note.GNU-stack
                0x0000000000000000        0x0 build/console.o
 .note.GNU-stack
                0x0000000000000000        0x0 build/keyboard.o
 .note.GNU-stack
                0x0000000000000000        0x0 build/ioqueue.o
 .note.GNU-stack
                0x0000000000000000        0x0 build/tss.o
 .note.GNU-stack
                0x0000000000000000        0x0 build/process.o
 .note.GNU-stack
                0x0000000000000000        0x0 build/syscall.o
 .note.GNU-stack
                0x0000000000000000        0x0 build/syscall-init.o
 .note.GNU-stack
                0x0000000000000000        0x0 build/stdio.o
 .note.GNU-stack
                0x0000000000000000        0x0 build/stdio-kernel.o
 .note.GNU-stack
                0x0000000000000000        0x0 build/fs.o
 .note.GNU-stack
                0x0000000000000000        0x0 build/ide.o
 .note.GNU-stack
                0x0000000000000000        0x0 build/inode.o
 .note.GNU-stack
                0x0000000000000000        0x0 build/dir.o
 .note.GNU-stack
                0x0000000000000000        0x0 build/file.o

Memory Configuration

Name             Origin             Length             Attributes
*default*        0x0000000000000000 0xffffffffffffffff

Linker script and memory map

Address of section .text set to 0xc0001500
LOAD build/main.o
LOAD build/init.o
LOAD build/interrupt.o
LOAD build/timer.o
LOAD build/kernel.o
LOAD build/print.o
LOAD build/debug.o
LOAD build/string.o
LOAD build/bitmap.o
LOAD build/memory.o
LOAD build/thread.o
LOAD build/list.o
LOAD build/switch.o
LOAD build/sync.o
LOAD build/console.o
LOAD build/keyboard.o
LOAD build/ioqueue.o
LOAD build/tss.o
LOAD build/process.o
LOAD build/syscall.o
LOAD build/syscall-init.o
LOAD build/stdio.o
LOAD build/stdio-kernel.o
LOAD build/fs.o
LOAD build/ide.o
LOAD build/inode.o
LOAD build/dir.o
LOAD build/file.o
                [!provide]                        PROVIDE (__executable_start = SEGMENT_START ("text-segment", 0x8048000))
                0x00000000080480d4                . = (SEGMENT_START ("text-segment", 0x8048000) + SIZEOF_HEADERS)

.interp
 *(.interp)

.note.gnu.build-id
 *(.note.gnu.build-id)

.hash
 *(.hash)

.gnu.hash
 *(.gnu.hash)

.dynsym
 *(.dynsym)

.dynstr
 *(.dynstr)

.gnu.version
 *(.gnu.version)

.gnu.version_d
 *(.gnu.version_d)

.gnu.version_r
 *(.gnu.version_r)

.rel.dyn        0x00000000080480d4        0x0
 *(.rel.init)
 *(.rel.text .rel.text.* .rel.gnu.linkonce.t.*)
 .rel.text      0x00000000080480d4        0x0 build/main.o
 *(.rel.fini)
 *(.rel.rodata .rel.rodata.* .rel.gnu.linkonce.r.*)
 *(.rel.data.rel.ro .rel.data.rel.ro.* .rel.gnu.linkonce.d.rel.ro.*)
 *(.rel.data .rel.data.* .rel.gnu.linkonce.d.*)
 *(.rel.tdata .rel.tdata.* .rel.gnu.linkonce.td.*)
 *(.rel.tbss .rel.tbss.* .rel.gnu.linkonce.tb.*)
 *(.rel.ctors)
 *(.rel.dtors)
 *(.rel.got)
 .rel.got       0x00000000080480d4        0x0 build/main.o
 *(.rel.bss .rel.bss.* .rel.gnu.linkonce.b.*)
 *(.rel.ifunc)

.rel.plt        0x00000000080480d4        0x0
 *(.rel.plt)
                [!provide]                        PROVIDE (__rel_iplt_start = .)
 *(.rel.iplt)
 .rel.iplt      0x00000000080480d4        0x0 build/main.o
                [!provide]                        PROVIDE (__rel_iplt_end = .)
                0x0000000008049000                . = ALIGN (CONSTANT (MAXPAGESIZE))

.init
 *(SORT_NONE(.init))

.plt            0x0000000008049000        0x0
 *(.plt)
 *(.iplt)
 .iplt          0x0000000008049000        0x0 build/main.o

.plt.got
 *(.plt.got)

.plt.sec
 *(.plt.sec)

.text           0x00000000c0001500     0x93da
 *(.text.unlikely .text.*_unlikely .text.unlikely.*)
 *(.text.exit .text.exit.*)
 *(.text.startup .text.startup.*)
 *(.text.hot .text.hot.*)
 *(SORT_BY_NAME(.text.sorted.*))
 *(.text .stub .text.* .gnu.linkonce.t.*)
 .text          0x00000000c0001500      0x19c build/main.o
                0x00000000c0001500                main
 .text          0x00000000c000169c       0x46 build/init.o
                0x00000000c000169c                init_all
 .text          0x00000000c00016e2      0x481 build/interrupt.o
                0x00000000c0001a5a                register_handler
                0x00000000c0001a76                idt_init
                0x00000000c0001ad4                intr_get_status
                0x00000000c0001af7                intr_enable
                0x00000000c0001b20                intr_disable
                0x00000000c0001b48                intr_set_status
 .text          0x00000000c0001b63      0x212 build/timer.o
                0x00000000c0001c99                timer_init
                0x00000000c0001d1d                mtime_sleep
 *fill*         0x00000000c0001d75        0xb 
 .text          0x00000000c0001d80      0x55b build/kernel.o
                0x00000000c0001d80                intr_exit
                0x00000000c00022b7                syscall_handler
 *fill*         0x00000000c00022db        0x5 
 .text          0x00000000c00022e0      0x172 build/print.o
                0x00000000c00022e0                put_str
                0x00000000c00022fe                put_char
                0x00000000c00023cb                put_int
                0x00000000c000242e                set_cursor
 .text          0x00000000c0002452       0xa5 build/debug.o
                0x00000000c0002452                panic_spin
 .text          0x00000000c00024f7      0x454 build/string.o
                0x00000000c00024f7                memset
                0x00000000c0002553                memcpy
                0x00000000c00025bb                memcmp
                0x00000000c0002651                strcpy
                0x00000000c00026b4                strlen
                0x00000000c000270e                strcmp
                0x00000000c0002795                strchr
                0x00000000c00027fb                strrchr
                0x00000000c0002864                strcat
                0x00000000c00028de                strchrs
 .text          0x00000000c000294b      0x1f3 build/bitmap.o
                0x00000000c000294b                bitmap_init
                0x00000000c0002972                bitmap_scan_test
                0x00000000c00029b4                bitmap_scan
                0x00000000c0002a85                bitmap_set
 .text          0x00000000c0002b3e     0x1107 build/memory.o
                0x00000000c0002e84                pde_ptr
                0x00000000c0002ea0                pte_ptr
                0x00000000c000300b                malloc_page
                0x00000000c00030d5                get_kernel_pages
                0x00000000c0003131                get_user_pages
                0x00000000c0003187                get_a_page
                0x00000000c0003303                addr_v2p
                0x00000000c0003331                block_desc_init
                0x00000000c00033d6                sys_malloc
                0x00000000c00036e6                pfree
                0x00000000c000382e                mfree_page
                0x00000000c0003a03                sys_free
                0x00000000c0003c04                mem_init
 .text          0x00000000c0003c45      0x70c build/thread.o
                0x00000000c0003c5b                running_thread
                0x00000000c0003c86                thread_create
                0x00000000c0003d32                init_thread
                0x00000000c0003e1c                thread_start
                0x00000000c0003f97                schedule
                0x00000000c00040e7                thread_block
                0x00000000c000414e                thread_unblock
                0x00000000c0004259                thread_init
                0x00000000c00042cb                thread_yield
 .text          0x00000000c0004351      0x1e4 build/list.o
                0x00000000c0004351                list_init
                0x00000000c000437e                list_insert_before
                0x00000000c00043bf                list_push
                0x00000000c00043dc                list_append
                0x00000000c00043f9                list_remove
                0x00000000c000442f                list_pop
                0x00000000c000444e                elem_find
                0x00000000c0004489                list_traversal
                0x00000000c00044e7                list_len
                0x00000000c000451c                list_empty
 *fill*         0x00000000c0004535        0xb 
 .text          0x00000000c0004540       0x15 build/switch.o
                0x00000000c0004540                switch_to
 .text          0x00000000c0004555      0x347 build/sync.o
                0x00000000c0004555                sema_init
                0x00000000c000457a                lock_init
                0x00000000c00045ab                sema_down
                0x00000000c00046bf                sema_up
                0x00000000c0004775                lock_acquire
                0x00000000c00047f1                lock_release
 .text          0x00000000c000489c       0x9a build/console.o
                0x00000000c000489c                console_init
                0x00000000c00048b0                console_acquire
                0x00000000c00048c4                console_release
                0x00000000c00048d8                console_put_str
                0x00000000c00048f5                console_put_char
                0x00000000c0004919                console_put_int
 .text          0x00000000c0004936      0x268 build/keyboard.o
                0x00000000c0004b6a                keyboard_init
 .text          0x00000000c0004b9e      0x241 build/ioqueue.o
                0x00000000c0004b9e                ioqueue_init
                0x00000000c0004bfb                ioq_full
                0x00000000c0004c4c                ioq_empty
                0x00000000c0004d31                ioq_getchar
 .text          0x00000000c0004ddf      0x1ae build/tss.o
                0x00000000c0004ddf                update_tss_esp
                0x00000000c0004e5a                tss_init
 .text          0x00000000c0004f8d      0x367 build/process.o
                0x00000000c0004f8d                start_process
                0x00000000c0005093                page_dir_activate
                0x00000000c00050c3                process_activate
                0x00000000c0005115                create_page_dir
                0x00000000c0005186                create_user_vaddr_bitmap
                0x00000000c00051ca                process_execute
 .text          0x00000000c00052f4       0x73 build/syscall.o
                0x00000000c00052f4                getpid
                0x00000000c0005309                write
                0x00000000c000532c                malloc
                0x00000000c000534b                free
 .text          0x00000000c0005367       0x5a build/syscall-init.o
                0x00000000c0005367                sys_getpid
                0x00000000c0005379                syscall_init
 .text          0x00000000c00053c1      0x2ba build/stdio.o
                0x00000000c0005447                vsprintf
                0x00000000c00055cb                printf
                0x00000000c0005647                sprintf
 .text          0x00000000c000567b       0x62 build/stdio-kernel.o
                0x00000000c000567b                printk
 .text          0x00000000c00056dd     0x1ab7 build/fs.o
                0x00000000c0005deb                filesys_init
                0x00000000c0006019                path_depth_cnt
                0x00000000c0006341                sys_open
                0x00000000c00065e8                sys_close
                0x00000000c000663d                sys_write
                0x00000000c0006727                sys_read
                0x00000000c00067a8                sys_lseek
                0x00000000c0006890                sys_unlink
                0x00000000c0006ab1                sys_mkdir
                0x00000000c0006ede                sys_opendir
                0x00000000c0006ff6                sys_closedir
                0x00000000c0007020                sys_readdir
                0x00000000c000705d                sys_rewinddir
                0x00000000c000706c                sys_rmdir
 .text          0x00000000c0007194      0xe1f build/ide.o
                0x00000000c00074ae                ide_read
                0x00000000c0007640                ide_write
                0x00000000c00077d2                intr_hd_handler
                0x00000000c0007db5                ide_init
 .text          0x00000000c0007fb3      0x80f build/inode.o
                0x00000000c0008057                inode_sync
                0x00000000c00081c8                inode_open
                0x00000000c0008321                inode_close
                0x00000000c0008392                inode_init
                0x00000000c00083e1                inode_delete
                0x00000000c0008543                inode_release
 .text          0x00000000c00087c2      0xf50 build/dir.o
                0x00000000c00087c2                open_root_dir
                0x00000000c00087f1                dir_open
                0x00000000c000882c                search_dir_entry
                0x00000000c00089fc                dir_close
                0x00000000c0008a28                create_dir_entry
                0x00000000c0008a9e                sync_dir_entry
                0x00000000c0008f4b                delete_dir_entry
                0x00000000c0009412                dir_read
                0x00000000c000961e                dir_is_empty
                0x00000000c0009649                dir_remove
 .text          0x00000000c0009712     0x11c8 build/file.o
                0x00000000c0009712                get_free_slot_in_global
                0x00000000c0009762                pcb_fd_install
                0x00000000c00097c5                inode_bitmap_alloc
                0x00000000c0009813                block_bitmap_alloc
                0x00000000c000986d                bitmap_sync
                0x00000000c00098f8                file_create
                0x00000000c0009bc2                file_open
                0x00000000c0009ce1                file_close
                0x00000000c0009d20                file_write
                0x00000000c000a507                file_read
 *(.gnu.warning)

.fini
 *(SORT_NONE(.fini))
                [!provide]                        PROVIDE (__etext = .)
                [!provide]                        PROVIDE (_etext = .)
                [!provide]                        PROVIDE (etext = .)
                0x00000000c000b000                . = ALIGN (CONSTANT (MAXPAGESIZE))
                0x00000000c000b000                . = SEGMENT_START ("rodata-segment", (ALIGN (CONSTANT (MAXPAGESIZE)) + (. & (CONSTANT (MAXPAGESIZE) - 0x1))))

.rodata         0x00000000c000b000     0x2084
 *(.rodata .rodata.* .gnu.linkonce.r.*)
 .rodata        0x00000000c000b000      0x1db build/main.o
 .rodata        0x00000000c000b1db        0xa build/init.o
 *fill*         0x00000000c000b1e5        0x3 
 .rodata        0x00000000c000b1e8      0x2cc build/interrupt.o
 .rodata        0x00000000c000b4b4       0x87 build/timer.o
 .rodata        0x00000000c000b53b       0x3f build/debug.o
 .rodata        0x00000000c000b57a       0xb9 build/string.o
 .rodata        0x00000000c000b633       0x3c build/bitmap.o
 *fill*         0x00000000c000b66f        0x1 
 .rodata        0x00000000c000b670      0x3b4 build/memory.o
 .rodata        0x00000000c000ba24      0x2d0 build/thread.o
 .rodata        0x00000000c000bcf4      0x12f build/sync.o
 .rodata        0x00000000c000be23       0x36 build/keyboard.o
 *fill*         0x00000000c000be59        0x3 
 .rodata        0x00000000c000be5c       0x91 build/ioqueue.o
 .rodata        0x00000000c000beed       0x27 build/tss.o
 .rodata        0x00000000c000bf14       0xdd build/process.o
 .rodata        0x00000000c000bff1       0x27 build/syscall-init.o
 .rodata        0x00000000c000c018      0x783 build/fs.o
 *fill*         0x00000000c000c79b        0x1 
 .rodata        0x00000000c000c79c      0x1f4 build/ide.o
 .rodata        0x00000000c000c990       0xbb build/inode.o
 *fill*         0x00000000c000ca4b        0x1 
 .rodata        0x00000000c000ca4c      0x203 build/dir.o
 *fill*         0x00000000c000cc4f        0x1 
 .rodata        0x00000000c000cc50      0x434 build/file.o

.rodata1
 *(.rodata1)

.eh_frame_hdr
 *(.eh_frame_hdr)
 *(.eh_frame_entry .eh_frame_entry.*)

.eh_frame
 *(.eh_frame)
 *(.eh_frame.*)

.gcc_except_table
 *(.gcc_except_table .gcc_except_table.*)

.gnu_extab
 *(.gnu_extab*)

.exception_ranges
 *(.exception_ranges*)
                0x00000000c000e084                . = DATA_SEGMENT_ALIGN (CONSTANT (MAXPAGESIZE), CONSTANT (COMMONPAGESIZE))

.eh_frame
 *(.eh_frame)
 *(.eh_frame.*)

.gnu_extab
 *(.gnu_extab)

.gcc_except_table
 *(.gcc_except_table .gcc_except_table.*)

.exception_ranges
 *(.exception_ranges*)

.tdata          0x00000000c000e084        0x0
                [!provide]                        PROVIDE (__tdata_start = .)
 *(.tdata .tdata.* .gnu.linkonce.td.*)

.tbss
 *(.tbss .tbss.* .gnu.linkonce.tb.*)
 *(.tcommon)

.preinit_array  0x00000000c000e084        0x0
                [!provide]                        PROVIDE (__preinit_array_start = .)
 *(.preinit_array)
                [!provide]                        PROVIDE (__preinit_array_end = .)

.init_array     0x00000000c000e084        0x0
                [!provide]                        PROVIDE (__init_array_start = .)
 *(SORT_BY_INIT_PRIORITY(.init_array.*) SORT_BY_INIT_PRIORITY(.ctors.*))
 *(.init_array EXCLUDE_FILE(*crtend?.o *crtend.o *crtbegin?.o *crtbegin.o) .ctors)
                [!provide]                        PROVIDE (__init_array_end = .)

.fini_array     0x00000000c000e084        0x0
                [!provide]                        PROVIDE (__fini_array_start = .)
 *(SORT_BY_INIT_PRIORITY(.fini_array.*) SORT_BY_INIT_PRIORITY(.dtors.*))
 *(.fini_array EXCLUDE_FILE(*crtend?.o *crtend.o *crtbegin?.o *crtbegin.o) .dtors)
                [!provide]                        PROVIDE (__fini_array_end = .)

.ctors
 *crtbegin.o(.ctors)
 *crtbegin?.o(.ctors)
 *(EXCLUDE_FILE(*crtend?.o *crtend.o) .ctors)
 *(SORT_BY_NAME(.ctors.*))
 *(.ctors)

.dtors
 *crtbegin.o(.dtors)
 *crtbegin?.o(.dtors)
 *(EXCLUDE_FILE(*crtend?.o *crtend.o) .dtors)
 *(SORT_BY_NAME(.dtors.*))
 *(.dtors)

.jcr
 *(.jcr)

.data.rel.ro
 *(.data.rel.ro.local* .gnu.linkonce.d.rel.ro.local.*)
 *(.data.rel.ro .data.rel.ro.* .gnu.linkonce.d.rel.ro.*)

.dynamic
 *(.dynamic)

.got            0x00000000c000e084        0x0
 *(.got)
 .got           0x00000000c000e084        0x0 build/main.o
 *(.igot)
                0x00000000c000e084                . = DATA_SEGMENT_RELRO_END (., (SIZEOF (.got.plt) >= 0xc)?0xc:0x0)

.got.plt        0x00000000c000e084        0x0
 *(.got.plt)
 .got.plt       0x00000000c000e084        0x0 build/main.o
 *(.igot.plt)
 .igot.plt      0x00000000c000e084        0x0 build/main.o

.data           0x00000000c000e0a0      0x156
 *(.data .data.* .gnu.linkonce.d.*)
 .data          0x00000000c000e0a0        0x0 build/main.o
 .data          0x00000000c000e0a0        0x0 build/init.o
 .data          0x00000000c000e0a0        0x0 build/interrupt.o
 .data          0x00000000c000e0a0        0x0 build/timer.o
 .data          0x00000000c000e0a0       0xd2 build/kernel.o
                0x00000000c000e0b2                intr_entry_table
 *fill*         0x00000000c000e172        0x2 
 .data          0x00000000c000e174        0x8 build/print.o
 .data          0x00000000c000e17c        0x0 build/debug.o
 .data          0x00000000c000e17c        0x0 build/string.o
 .data          0x00000000c000e17c        0x0 build/bitmap.o
 .data          0x00000000c000e17c        0x0 build/memory.o
 .data          0x00000000c000e17c        0x0 build/thread.o
 .data          0x00000000c000e17c        0x0 build/list.o
 .data          0x00000000c000e17c        0x0 build/sync.o
 .data          0x00000000c000e17c        0x0 build/console.o
 *fill*         0x00000000c000e17c        0x4 
 .data          0x00000000c000e180       0x76 build/keyboard.o
                0x00000000c000e180                keymap
 .data          0x00000000c000e1f6        0x0 build/ioqueue.o
 .data          0x00000000c000e1f6        0x0 build/tss.o
 .data          0x00000000c000e1f6        0x0 build/process.o
 .data          0x00000000c000e1f6        0x0 build/syscall.o
 .data          0x00000000c000e1f6        0x0 build/syscall-init.o
 .data          0x00000000c000e1f6        0x0 build/stdio.o
 .data          0x00000000c000e1f6        0x0 build/stdio-kernel.o
 .data          0x00000000c000e1f6        0x0 build/fs.o
 .data          0x00000000c000e1f6        0x0 build/ide.o
 .data          0x00000000c000e1f6        0x0 build/inode.o
 .data          0x00000000c000e1f6        0x0 build/dir.o
 .data          0x00000000c000e1f6        0x0 build/file.o

.data1
 *(.data1)
                0x00000000c000e1f6                _edata = .
                [!provide]                        PROVIDE (edata = .)
                0x00000000c000e1f6                . = .
                0x00000000c000e1f6                __bss_start = .

.bss            0x00000000c000e200     0x1c40
 *(.dynbss)
 *(.bss .bss.* .gnu.linkonce.b.*)
 .bss           0x00000000c000e200        0x0 build/main.o
 .bss           0x00000000c000e200        0x0 build/init.o
 .bss           0x00000000c000e200      0x408 build/interrupt.o
 .bss           0x00000000c000e608        0x0 build/timer.o
 .bss           0x00000000c000e608        0x0 build/debug.o
 .bss           0x00000000c000e608        0x0 build/string.o
 .bss           0x00000000c000e608        0x0 build/bitmap.o
 .bss           0x00000000c000e608        0x0 build/memory.o
 .bss           0x00000000c000e608        0x6 build/thread.o
 .bss           0x00000000c000e60e        0x0 build/list.o
 .bss           0x00000000c000e60e        0x0 build/sync.o
 *fill*         0x00000000c000e60e        0x2 
 .bss           0x00000000c000e610       0x1c build/console.o
 .bss           0x00000000c000e62c       0x14 build/keyboard.o
                0x00000000c000e62c                ctrl_status
                0x00000000c000e630                shift_status
                0x00000000c000e634                alt_status
                0x00000000c000e638                caps_lock_status
                0x00000000c000e63c                ext_scancode
 .bss           0x00000000c000e640        0x0 build/ioqueue.o
 .bss           0x00000000c000e640       0x68 build/tss.o
 .bss           0x00000000c000e6a8        0x0 build/process.o
 .bss           0x00000000c000e6a8        0x0 build/syscall.o
 .bss           0x00000000c000e6a8        0x0 build/syscall-init.o
 .bss           0x00000000c000e6a8        0x0 build/stdio.o
 .bss           0x00000000c000e6a8        0x0 build/stdio-kernel.o
 .bss           0x00000000c000e6a8        0x0 build/fs.o
 .bss           0x00000000c000e6a8        0x6 build/ide.o
                0x00000000c000e6a8                ext_lba_base
                0x00000000c000e6ac                p_no
                0x00000000c000e6ad                l_no
 .bss           0x00000000c000e6ae        0x0 build/inode.o
 .bss           0x00000000c000e6ae        0x0 build/dir.o
 .bss           0x00000000c000e6ae        0x0 build/file.o
 *(COMMON)
 *fill*         0x00000000c000e6ae       0x12 
 COMMON         0x00000000c000e6c0      0x424 build/interrupt.o
                0x00000000c000e6c0                intr_name
                0x00000000c000e8e0                idt_table
 COMMON         0x00000000c000eae4        0x4 build/timer.o
                0x00000000c000eae4                ticks
 *fill*         0x00000000c000eae8       0x18 
 COMMON         0x00000000c000eb00      0x12c build/memory.o
                0x00000000c000eb00                user_pool
                0x00000000c000eb40                k_block_descs
                0x00000000c000ebe8                kernel_vaddr
                0x00000000c000ec00                kernel_pool
 COMMON         0x00000000c000ec2c       0x44 build/thread.o
                0x00000000c000ec2c                thread_ready_list
                0x00000000c000ec3c                thread_all_list
                0x00000000c000ec4c                idle_thread
                0x00000000c000ec50                main_thread
                0x00000000c000ec54                pid_lock
 *fill*         0x00000000c000ec70       0x10 
 COMMON         0x00000000c000ec80       0x6c build/keyboard.o
                0x00000000c000ec80                kbd_buf
 *fill*         0x00000000c000ecec       0x14 
 COMMON         0x00000000c000ed00       0x80 build/syscall-init.o
                0x00000000c000ed00                syscall_table
 COMMON         0x00000000c000ed80        0x4 build/fs.o
                0x00000000c000ed80                cur_part
 *fill*         0x00000000c000ed84       0x1c 
 COMMON         0x00000000c000eda0      0xcf0 build/ide.o
                0x00000000c000eda0                channel_cnt
                0x00000000c000edc0                channels
                0x00000000c000fa80                partition_list
 *fill*         0x00000000c000fa90       0x10 
 COMMON         0x00000000c000faa0      0x208 build/dir.o
                0x00000000c000faa0                root_dir
 *fill*         0x00000000c000fca8       0x18 
 COMMON         0x00000000c000fcc0      0x180 build/file.o
                0x00000000c000fcc0                file_table
                0x00000000c000fe40                . = ALIGN ((. != 0x0)?0x4:0x1)
                0x00000000c000fe40                . = ALIGN (0x4)
                0x00000000c000fe40                . = SEGMENT_START ("ldata-segment", .)
                0x00000000c000fe40                . = ALIGN (0x4)
                0x00000000c000fe40                _end = .
                [!provide]                        PROVIDE (end = .)
                0x00000000c000fe40                . = DATA_SEGMENT_END (.)

.stab           0x0000000000000000      0xac8
 *(.stab)
 .stab          0x0000000000000000      0x36c build/kernel.o
 .stab          0x000000000000036c      0x6a8 build/print.o
                                        0x6b4 (size before relaxing)
 .stab          0x0000000000000a14       0xb4 build/switch.o
                                         0xc0 (size before relaxing)

.stabstr        0x0000000000000000       0x34
 *(.stabstr)
 .stabstr       0x0000000000000000       0x34 build/kernel.o

.stab.excl
 *(.stab.excl)

.stab.exclstr
 *(.stab.exclstr)

.stab.index
 *(.stab.index)

.stab.indexstr
 *(.stab.indexstr)

.comment        0x0000000000000000       0x2a
 *(.comment)
 .comment       0x0000000000000000       0x2a build/main.o
                                         0x2b (size before relaxing)
 .comment       0x000000000000002a       0x2b build/init.o
 .comment       0x000000000000002a       0x2b build/interrupt.o
 .comment       0x000000000000002a       0x2b build/timer.o
 .comment       0x000000000000002a       0x2b build/debug.o
 .comment       0x000000000000002a       0x2b build/string.o
 .comment       0x000000000000002a       0x2b build/bitmap.o
 .comment       0x000000000000002a       0x2b build/memory.o
 .comment       0x000000000000002a       0x2b build/thread.o
 .comment       0x000000000000002a       0x2b build/list.o
 .comment       0x000000000000002a       0x2b build/sync.o
 .comment       0x000000000000002a       0x2b build/console.o
 .comment       0x000000000000002a       0x2b build/keyboard.o
 .comment       0x000000000000002a       0x2b build/ioqueue.o
 .comment       0x000000000000002a       0x2b build/tss.o
 .comment       0x000000000000002a       0x2b build/process.o
 .comment       0x000000000000002a       0x2b build/syscall.o
 .comment       0x000000000000002a       0x2b build/syscall-init.o
 .comment       0x000000000000002a       0x2b build/stdio.o
 .comment       0x000000000000002a       0x2b build/stdio-kernel.o
 .comment       0x000000000000002a       0x2b build/fs.o
 .comment       0x000000000000002a       0x2b build/ide.o
 .comment       0x000000000000002a       0x2b build/inode.o
 .comment       0x000000000000002a       0x2b build/dir.o
 .comment       0x000000000000002a       0x2b build/file.o

.gnu.build.attributes
 *(.gnu.build.attributes .gnu.build.attributes.*)

.debug
 *(.debug)

.line
 *(.line)

.debug_srcinfo
 *(.debug_srcinfo)

.debug_sfnames
 *(.debug_sfnames)

.debug_aranges  0x0000000000000000      0x320
 *(.debug_aranges)
 .debug_aranges
                0x0000000000000000       0x20 build/main.o
 .debug_aranges
                0x0000000000000020       0x20 build/init.o
 .debug_aranges
                0x0000000000000040       0x20 build/interrupt.o
 .debug_aranges
                0x0000000000000060       0x20 build/timer.o
 .debug_aranges
                0x0000000000000080       0x20 build/debug.o
 .debug_aranges
                0x00000000000000a0       0x20 build/string.o
 .debug_aranges
                0x00000000000000c0       0x20 build/bitmap.o
 .debug_aranges
                0x00000000000000e0       0x20 build/memory.o
 .debug_aranges
                0x0000000000000100       0x20 build/thread.o
 .debug_aranges
                0x0000000000000120       0x20 build/list.o
 .debug_aranges
                0x0000000000000140       0x20 build/sync.o
 .debug_aranges
                0x0000000000000160       0x20 build/console.o
 .debug_aranges
                0x0000000000000180       0x20 build/keyboard.o
 .debug_aranges
                0x00000000000001a0       0x20 build/ioqueue.o
 .debug_aranges
                0x00000000000001c0       0x20 build/tss.o
 .debug_aranges
                0x00000000000001e0       0x20 build/process.o
 .debug_aranges
                0x0000000000000200       0x20 build/syscall.o
 .debug_aranges
                0x0000000000000220       0x20 build/syscall-init.o
 .debug_aranges
                0x0000000000000240       0x20 build/stdio.o
 .debug_aranges
                0x0000000000000260       0x20 build/stdio-kernel.o
 .debug_aranges
                0x0000000000000280       0x20 build/fs.o
 .debug_aranges
                0x00000000000002a0       0x20 build/ide.o
 .debug_aranges
                0x00000000000002c0       0x20 build/inode.o
 .debug_aranges
                0x00000000000002e0       0x20 build/dir.o
 .debug_aranges
                0x0000000000000300       0x20 build/file.o

.debug_pubnames
                0x0000000000000000      0xbe0
 *(.debug_pubnames)
 .debug_pubnames
                0x0000000000000000       0x1b build/main.o
 .debug_pubnames
                0x000000000000001b       0x1f build/init.o
 .debug_pubnames
                0x000000000000003a       0x99 build/interrupt.o
 .debug_pubnames
                0x00000000000000d3       0x3b build/timer.o
 .debug_pubnames
                0x000000000000010e       0x21 build/debug.o
 .debug_pubnames
                0x000000000000012f       0x82 build/string.o
 .debug_pubnames
                0x00000000000001b1       0x56 build/bitmap.o
 .debug_pubnames
                0x0000000000000207      0x115 build/memory.o
 .debug_pubnames
                0x000000000000031c      0x101 build/thread.o
 .debug_pubnames
                0x000000000000041d       0xaf build/list.o
 .debug_pubnames
                0x00000000000004cc       0x6a build/sync.o
 .debug_pubnames
                0x0000000000000536       0x88 build/console.o
 .debug_pubnames
                0x00000000000005be       0x91 build/keyboard.o
 .debug_pubnames
                0x000000000000064f       0x4e build/ioqueue.o
 .debug_pubnames
                0x000000000000069d       0x32 build/tss.o
 .debug_pubnames
                0x00000000000006cf       0x94 build/process.o
 .debug_pubnames
                0x0000000000000763       0x3b build/syscall.o
 .debug_pubnames
                0x000000000000079e       0x44 build/syscall-init.o
 .debug_pubnames
                0x00000000000007e2       0x36 build/stdio.o
 .debug_pubnames
                0x0000000000000818       0x1d build/stdio-kernel.o
 .debug_pubnames
                0x0000000000000835       0xf5 build/fs.o
 .debug_pubnames
                0x000000000000092a       0xa1 build/ide.o
 .debug_pubnames
                0x00000000000009cb       0x72 build/inode.o
 .debug_pubnames
                0x0000000000000a3d       0xcb build/dir.o
 .debug_pubnames
                0x0000000000000b08       0xd8 build/file.o

.debug_info     0x0000000000000000     0x94e6
 *(.debug_info .gnu.linkonce.wi.*)
 .debug_info    0x0000000000000000      0x22d build/main.o
 .debug_info    0x000000000000022d       0x7d build/init.o
 .debug_info    0x00000000000002aa      0x3ca build/interrupt.o
 .debug_info    0x0000000000000674      0x468 build/timer.o
 .debug_info    0x0000000000000adc       0xc8 build/debug.o
 .debug_info    0x0000000000000ba4      0x483 build/string.o
 .debug_info    0x0000000000001027      0x217 build/bitmap.o
 .debug_info    0x000000000000123e      0xd46 build/memory.o
 .debug_info    0x0000000000001f84      0x7f9 build/thread.o
 .debug_info    0x000000000000277d      0x35c build/list.o
 .debug_info    0x0000000000002ad9      0x501 build/sync.o
 .debug_info    0x0000000000002fda      0x3f4 build/console.o
 .debug_info    0x00000000000033ce      0x505 build/keyboard.o
 .debug_info    0x00000000000038d3      0x598 build/ioqueue.o
 .debug_info    0x0000000000003e6b      0x5aa build/tss.o
 .debug_info    0x0000000000004415      0x5e5 build/process.o
 .debug_info    0x00000000000049fa      0x1b7 build/syscall.o
 .debug_info    0x0000000000004bb1       0xf5 build/syscall-init.o
 .debug_info    0x0000000000004ca6      0x241 build/stdio.o
 .debug_info    0x0000000000004ee7       0xdb build/stdio-kernel.o
 .debug_info    0x0000000000004fc2     0x12f6 build/fs.o
 .debug_info    0x00000000000062b8      0xd7c build/ide.o
 .debug_info    0x0000000000007034      0xa77 build/inode.o
 .debug_info    0x0000000000007aab      0xcf6 build/dir.o
 .debug_info    0x00000000000087a1      0xd45 build/file.o

.debug_abbrev   0x0000000000000000     0x1de4
 *(.debug_abbrev)
 .debug_abbrev  0x0000000000000000       0xe0 build/main.o
 .debug_abbrev  0x00000000000000e0       0x48 build/init.o
 .debug_abbrev  0x0000000000000128      0x148 build/interrupt.o
 .debug_abbrev  0x0000000000000270      0x142 build/timer.o
 .debug_abbrev  0x00000000000003b2       0x60 build/debug.o
 .debug_abbrev  0x0000000000000412       0xe7 build/string.o
 .debug_abbrev  0x00000000000004f9       0xea build/bitmap.o
 .debug_abbrev  0x00000000000005e3      0x208 build/memory.o
 .debug_abbrev  0x00000000000007eb      0x198 build/thread.o
 .debug_abbrev  0x0000000000000983       0xfc build/list.o
 .debug_abbrev  0x0000000000000a7f      0x101 build/sync.o
 .debug_abbrev  0x0000000000000b80      0x108 build/console.o
 .debug_abbrev  0x0000000000000c88      0x131 build/keyboard.o
 .debug_abbrev  0x0000000000000db9      0x14c build/ioqueue.o
 .debug_abbrev  0x0000000000000f05      0x122 build/tss.o
 .debug_abbrev  0x0000000000001027      0x13f build/process.o
 .debug_abbrev  0x0000000000001166       0xc8 build/syscall.o
 .debug_abbrev  0x000000000000122e       0xae build/syscall-init.o
 .debug_abbrev  0x00000000000012dc       0xe8 build/stdio.o
 .debug_abbrev  0x00000000000013c4       0xab build/stdio-kernel.o
 .debug_abbrev  0x000000000000146f      0x231 build/fs.o
 .debug_abbrev  0x00000000000016a0      0x23f build/ide.o
 .debug_abbrev  0x00000000000018df      0x15f build/inode.o
 .debug_abbrev  0x0000000000001a3e      0x1c6 build/dir.o
 .debug_abbrev  0x0000000000001c04      0x1e0 build/file.o

.debug_line     0x0000000000000000     0x1c65
 *(.debug_line .debug_line.* .debug_line_end)
 .debug_line    0x0000000000000000       0xb7 build/main.o
 .debug_line    0x00000000000000b7       0x49 build/init.o
 .debug_line    0x0000000000000100       0xfa build/interrupt.o
 .debug_line    0x00000000000001fa       0xcf build/timer.o
 .debug_line    0x00000000000002c9       0x4b build/debug.o
 .debug_line    0x0000000000000314       0xc5 build/string.o
 .debug_line    0x00000000000003d9       0x96 build/bitmap.o
 .debug_line    0x000000000000046f      0x251 build/memory.o
 .debug_line    0x00000000000006c0      0x14a build/thread.o
 .debug_line    0x000000000000080a       0xb0 build/list.o
 .debug_line    0x00000000000008ba       0xf0 build/sync.o
 .debug_line    0x00000000000009aa       0xb6 build/console.o
 .debug_line    0x0000000000000a60      0x11b build/keyboard.o
 .debug_line    0x0000000000000b7b       0xf2 build/ioqueue.o
 .debug_line    0x0000000000000c6d       0xc4 build/tss.o
 .debug_line    0x0000000000000d31       0xf6 build/process.o
 .debug_line    0x0000000000000e27       0x6c build/syscall.o
 .debug_line    0x0000000000000e93       0x77 build/syscall-init.o
 .debug_line    0x0000000000000f0a       0xa5 build/stdio.o
 .debug_line    0x0000000000000faf       0x65 build/stdio-kernel.o
 .debug_line    0x0000000000001014      0x367 build/fs.o
 .debug_line    0x000000000000137b      0x209 build/ide.o
 .debug_line    0x0000000000001584      0x1a9 build/inode.o
 .debug_line    0x000000000000172d      0x27e build/dir.o
 .debug_line    0x00000000000019ab      0x2ba build/file.o

.debug_frame    0x0000000000000000     0x13ec
 *(.debug_frame)
 .debug_frame   0x0000000000000000       0x2c build/main.o
 .debug_frame   0x000000000000002c       0x2c build/init.o
 .debug_frame   0x0000000000000058      0x13c build/interrupt.o
 .debug_frame   0x0000000000000194       0xac build/timer.o
 .debug_frame   0x0000000000000240       0x2c build/debug.o
 .debug_frame   0x000000000000026c      0x104 build/string.o
 .debug_frame   0x0000000000000370       0x84 build/bitmap.o
 .debug_frame   0x00000000000003f4      0x20c build/memory.o
 .debug_frame   0x0000000000000600      0x14c build/thread.o
 .debug_frame   0x000000000000074c      0x104 build/list.o
 .debug_frame   0x0000000000000850       0xac build/sync.o
 .debug_frame   0x00000000000008fc       0xa4 build/console.o
 .debug_frame   0x00000000000009a0       0x5c build/keyboard.o
 .debug_frame   0x00000000000009fc       0xbc build/ioqueue.o
 .debug_frame   0x0000000000000ab8       0x60 build/tss.o
 .debug_frame   0x0000000000000b18       0xa4 build/process.o
 .debug_frame   0x0000000000000bbc       0x80 build/syscall.o
 .debug_frame   0x0000000000000c3c       0x44 build/syscall-init.o
 .debug_frame   0x0000000000000c80       0x80 build/stdio.o
 .debug_frame   0x0000000000000d00       0x34 build/stdio-kernel.o
 .debug_frame   0x0000000000000d34      0x1f8 build/fs.o
 .debug_frame   0x0000000000000f2c      0x1d4 build/ide.o
 .debug_frame   0x0000000000001100       0xc4 build/inode.o
 .debug_frame   0x00000000000011c4      0x11c build/dir.o
 .debug_frame   0x00000000000012e0      0x10c build/file.o

.debug_str      0x0000000000000000     0x1b45
 *(.debug_str)
 .debug_str     0x0000000000000000      0x137 build/main.o
                                        0x16a (size before relaxing)
 .debug_str     0x0000000000000137       0x2f build/init.o
                                         0xa9 (size before relaxing)
 .debug_str     0x0000000000000166      0x1c7 build/interrupt.o
                                        0x283 (size before relaxing)
 .debug_str     0x000000000000032d      0x1ff build/timer.o
                                        0x30e (size before relaxing)
 .debug_str     0x000000000000052c       0x29 build/debug.o
                                         0xc9 (size before relaxing)
 .debug_str     0x0000000000000555       0x70 build/string.o
                                        0x12e (size before relaxing)
 .debug_str     0x00000000000005c5       0x7b build/bitmap.o
                                        0x14f (size before relaxing)
 .debug_str     0x0000000000000640      0x2ab build/memory.o
                                        0x588 (size before relaxing)
 .debug_str     0x00000000000008eb      0x144 build/thread.o
                                        0x41d (size before relaxing)
 .debug_str     0x0000000000000a2f       0x9c build/list.o
                                        0x19e (size before relaxing)
 .debug_str     0x0000000000000acb       0x69 build/sync.o
                                        0x307 (size before relaxing)
 .debug_str     0x0000000000000b34       0x9e build/console.o
                                        0x2f3 (size before relaxing)
 .debug_str     0x0000000000000bd2       0xc5 build/keyboard.o
                                        0x354 (size before relaxing)
 .debug_str     0x0000000000000c97       0x5d build/ioqueue.o
                                        0x30f (size before relaxing)
 .debug_str     0x0000000000000cf4       0xea build/tss.o
                                        0x361 (size before relaxing)
 .debug_str     0x0000000000000dde      0x10e build/process.o
                                        0x3d6 (size before relaxing)
 .debug_str     0x0000000000000eec       0x4e build/syscall.o
                                        0x110 (size before relaxing)
 .debug_str     0x0000000000000f3a       0x46 build/syscall-init.o
                                        0x115 (size before relaxing)
 .debug_str     0x0000000000000f80       0x66 build/stdio.o
                                        0x139 (size before relaxing)
 .debug_str     0x0000000000000fe6       0x21 build/stdio-kernel.o
                                         0xc7 (size before relaxing)
 .debug_str     0x0000000000001007      0x547 build/fs.o
                                        0x8d0 (size before relaxing)
 .debug_str     0x000000000000154e      0x1e9 build/ide.o
                                        0x59f (size before relaxing)
 .debug_str     0x0000000000001737      0x126 build/inode.o
                                        0x5ed (size before relaxing)
 .debug_str     0x000000000000185d      0x13c build/dir.o
                                        0x680 (size before relaxing)
 .debug_str     0x0000000000001999      0x1ac build/file.o
                                        0x7a9 (size before relaxing)

.debug_loc      0x0000000000000000     0x1fcc
 *(.debug_loc)
 .debug_loc     0x0000000000000000       0x2c build/main.o
 .debug_loc     0x000000000000002c       0x2c build/init.o
 .debug_loc     0x0000000000000058      0x210 build/interrupt.o
 .debug_loc     0x0000000000000268      0x108 build/timer.o
 .debug_loc     0x0000000000000370       0x2c build/debug.o
 .debug_loc     0x000000000000039c      0x1b8 build/string.o
 .debug_loc     0x0000000000000554       0xb0 build/bitmap.o
 .debug_loc     0x0000000000000604      0x39c build/memory.o
 .debug_loc     0x00000000000009a0      0x23c build/thread.o
 .debug_loc     0x0000000000000bdc      0x1b8 build/list.o
 .debug_loc     0x0000000000000d94      0x108 build/sync.o
 .debug_loc     0x0000000000000e9c      0x108 build/console.o
 .debug_loc     0x0000000000000fa4       0x84 build/keyboard.o
 .debug_loc     0x0000000000001028      0x134 build/ioqueue.o
 .debug_loc     0x000000000000115c       0x84 build/tss.o
 .debug_loc     0x00000000000011e0      0x108 build/process.o
 .debug_loc     0x00000000000012e8       0xb0 build/syscall.o
 .debug_loc     0x0000000000001398       0x58 build/syscall-init.o
 .debug_loc     0x00000000000013f0       0xb0 build/stdio.o
 .debug_loc     0x00000000000014a0       0x2c build/stdio-kernel.o
 .debug_loc     0x00000000000014cc      0x344 build/fs.o
 .debug_loc     0x0000000000001810      0x318 build/ide.o
 .debug_loc     0x0000000000001b28      0x134 build/inode.o
 .debug_loc     0x0000000000001c5c      0x1b8 build/dir.o
 .debug_loc     0x0000000000001e14      0x1b8 build/file.o

.debug_macinfo
 *(.debug_macinfo)

.debug_weaknames
 *(.debug_weaknames)

.debug_funcnames
 *(.debug_funcnames)

.debug_typenames
 *(.debug_typenames)

.debug_varnames
 *(.debug_varnames)

.debug_pubtypes
 *(.debug_pubtypes)

.debug_ranges   0x0000000000000000       0x50
 *(.debug_ranges)
 .debug_ranges  0x0000000000000000       0x18 build/keyboard.o
 .debug_ranges  0x0000000000000018       0x38 build/dir.o

.debug_macro
 *(.debug_macro)

.debug_addr
 *(.debug_addr)

.gnu.attributes
 *(.gnu.attributes)

/DISCARD/
 *(.note.GNU-stack)
 *(.gnu_debuglink)
 *(.gnu.lto_*)
OUTPUT(build/kernel.bin elf32-i386)
