
Allocating common symbols
Common symbol       size              file

user_pool           0x10              build/memory.o
intr_name           0x84              build/interrupt.o
kernel_vaddr        0xc               build/memory.o
idt_table           0x84              build/interrupt.o
kernel_pool         0x10              build/memory.o

Discarded input sections

 .note.GNU-stack
                0x0000000000000000        0x0 build/main.o
 .note.GNU-stack
                0x0000000000000000        0x0 build/init.o
 .note.GNU-stack
                0x0000000000000000        0x0 build/memory.o
 .note.GNU-stack
                0x0000000000000000        0x0 build/interrupt.o
 .note.GNU-stack
                0x0000000000000000        0x0 build/timer.o
 .note.GNU-stack
                0x0000000000000000        0x0 build/debug.o
 .note.GNU-stack
                0x0000000000000000        0x0 build/string.o
 .note.GNU-stack
                0x0000000000000000        0x0 build/bitmap.o

Memory Configuration

Name             Origin             Length             Attributes
*default*        0x0000000000000000 0xffffffffffffffff

Linker script and memory map

Address of section .text set to 0xc0001500
LOAD build/main.o
LOAD build/init.o
LOAD build/memory.o
LOAD build/interrupt.o
LOAD build/timer.o
LOAD build/kernel.o
LOAD build/print.o
LOAD build/debug.o
LOAD build/string.o
LOAD build/bitmap.o
                [!provide]                        PROVIDE (__executable_start = SEGMENT_START ("text-segment", 0x8048000))
                0x00000000080480d4                . = (SEGMENT_START ("text-segment", 0x8048000) + SIZEOF_HEADERS)

.interp
 *(.interp)

.note.gnu.build-id
 *(.note.gnu.build-id)

.hash
 *(.hash)

.gnu.hash
 *(.gnu.hash)

.dynsym
 *(.dynsym)

.dynstr
 *(.dynstr)

.gnu.version
 *(.gnu.version)

.gnu.version_d
 *(.gnu.version_d)

.gnu.version_r
 *(.gnu.version_r)

.rel.dyn        0x00000000080480d4        0x0
 *(.rel.init)
 *(.rel.text .rel.text.* .rel.gnu.linkonce.t.*)
 .rel.text      0x00000000080480d4        0x0 build/main.o
 *(.rel.fini)
 *(.rel.rodata .rel.rodata.* .rel.gnu.linkonce.r.*)
 *(.rel.data.rel.ro .rel.data.rel.ro.* .rel.gnu.linkonce.d.rel.ro.*)
 *(.rel.data .rel.data.* .rel.gnu.linkonce.d.*)
 *(.rel.tdata .rel.tdata.* .rel.gnu.linkonce.td.*)
 *(.rel.tbss .rel.tbss.* .rel.gnu.linkonce.tb.*)
 *(.rel.ctors)
 *(.rel.dtors)
 *(.rel.got)
 .rel.got       0x00000000080480d4        0x0 build/main.o
 *(.rel.bss .rel.bss.* .rel.gnu.linkonce.b.*)
 *(.rel.ifunc)

.rel.plt        0x00000000080480d4        0x0
 *(.rel.plt)
                [!provide]                        PROVIDE (__rel_iplt_start = .)
 *(.rel.iplt)
 .rel.iplt      0x00000000080480d4        0x0 build/main.o
                [!provide]                        PROVIDE (__rel_iplt_end = .)
                0x0000000008049000                . = ALIGN (CONSTANT (MAXPAGESIZE))

.init
 *(SORT_NONE(.init))

.plt            0x0000000008049000        0x0
 *(.plt)
 *(.iplt)
 .iplt          0x0000000008049000        0x0 build/main.o

.plt.got
 *(.plt.got)

.plt.sec
 *(.plt.sec)

.text           0x00000000c0001500     0x1667
 *(.text.unlikely .text.*_unlikely .text.unlikely.*)
 *(.text.exit .text.exit.*)
 *(.text.startup .text.startup.*)
 *(.text.hot .text.hot.*)
 *(SORT_BY_NAME(.text.sorted.*))
 *(.text .stub .text.* .gnu.linkonce.t.*)
 .text          0x00000000c0001500       0x50 build/main.o
                0x00000000c0001500                main
 .text          0x00000000c0001550       0x23 build/init.o
                0x00000000c0001550                init_all
 .text          0x00000000c0001573      0x557 build/memory.o
                0x00000000c000171f                mem_init
                0x00000000c0001835                pde_ptr
                0x00000000c0001851                pte_ptr
                0x00000000c00019bc                malloc_page
                0x00000000c0001a86                get_kernel_pages
 .text          0x00000000c0001aca      0x3c1 build/interrupt.o
                0x00000000c0001d9e                idt_init
                0x00000000c0001dfc                intr_get_status
                0x00000000c0001e1f                intr_enable
                0x00000000c0001e48                intr_disable
                0x00000000c0001e70                intr_set_status
 .text          0x00000000c0001e8b      0x100 build/timer.o
                0x00000000c0001f3f                timer_init
 *fill*         0x00000000c0001f8b        0x5 
 .text          0x00000000c0001f90      0x393 build/kernel.o
                0x00000000c0001f90                intr_exit
 *fill*         0x00000000c0002323        0xd 
 .text          0x00000000c0002330      0x14e build/print.o
                0x00000000c0002330                put_str
                0x00000000c000234e                put_char
                0x00000000c000241b                put_int
 .text          0x00000000c000247e       0xa5 build/debug.o
                0x00000000c000247e                panic_spin
 .text          0x00000000c0002523      0x451 build/string.o
                0x00000000c0002523                memset
                0x00000000c000257f                memcpy
                0x00000000c00025e7                memcmp
                0x00000000c000267d                strcpy
                0x00000000c00026dd                strlen
                0x00000000c0002737                strcmp
                0x00000000c00027be                strchr
                0x00000000c0002824                strrchr
                0x00000000c000288d                strcat
                0x00000000c0002907                strchrs
 .text          0x00000000c0002974      0x1f3 build/bitmap.o
                0x00000000c0002974                bitmap_init
                0x00000000c000299b                bitmap_scan_test
                0x00000000c00029dd                bitmap_scan
                0x00000000c0002aae                bitmap_set
 *(.gnu.warning)

.fini
 *(SORT_NONE(.fini))
                [!provide]                        PROVIDE (__etext = .)
                [!provide]                        PROVIDE (_etext = .)
                [!provide]                        PROVIDE (etext = .)
                0x00000000c0003000                . = ALIGN (CONSTANT (MAXPAGESIZE))
                0x00000000c0003000                . = SEGMENT_START ("rodata-segment", (ALIGN (CONSTANT (MAXPAGESIZE)) + (. & (CONSTANT (MAXPAGESIZE) - 0x1))))

.rodata         0x00000000c0003000      0x52b
 *(.rodata .rodata.* .gnu.linkonce.r.*)
 .rodata        0x00000000c0003000       0x34 build/main.o
 .rodata        0x00000000c0003034        0xa build/init.o
 *fill*         0x00000000c000303e        0x2 
 .rodata        0x00000000c0003040      0x12d build/memory.o
 *fill*         0x00000000c000316d        0x3 
 .rodata        0x00000000c0003170      0x264 build/interrupt.o
 .rodata        0x00000000c00033d4       0x23 build/timer.o
 .rodata        0x00000000c00033f7       0x3f build/debug.o
 .rodata        0x00000000c0003436       0xb9 build/string.o
 .rodata        0x00000000c00034ef       0x3c build/bitmap.o

.rodata1
 *(.rodata1)

.eh_frame_hdr
 *(.eh_frame_hdr)
 *(.eh_frame_entry .eh_frame_entry.*)

.eh_frame
 *(.eh_frame)
 *(.eh_frame.*)

.gcc_except_table
 *(.gcc_except_table .gcc_except_table.*)

.gnu_extab
 *(.gnu_extab*)

.exception_ranges
 *(.exception_ranges*)
                0x00000000c000452b                . = DATA_SEGMENT_ALIGN (CONSTANT (MAXPAGESIZE), CONSTANT (COMMONPAGESIZE))

.eh_frame
 *(.eh_frame)
 *(.eh_frame.*)

.gnu_extab
 *(.gnu_extab)

.gcc_except_table
 *(.gcc_except_table .gcc_except_table.*)

.exception_ranges
 *(.exception_ranges*)

.tdata          0x00000000c000452b        0x0
                [!provide]                        PROVIDE (__tdata_start = .)
 *(.tdata .tdata.* .gnu.linkonce.td.*)

.tbss
 *(.tbss .tbss.* .gnu.linkonce.tb.*)
 *(.tcommon)

.preinit_array  0x00000000c000452b        0x0
                [!provide]                        PROVIDE (__preinit_array_start = .)
 *(.preinit_array)
                [!provide]                        PROVIDE (__preinit_array_end = .)

.init_array     0x00000000c000452b        0x0
                [!provide]                        PROVIDE (__init_array_start = .)
 *(SORT_BY_INIT_PRIORITY(.init_array.*) SORT_BY_INIT_PRIORITY(.ctors.*))
 *(.init_array EXCLUDE_FILE(*crtend?.o *crtend.o *crtbegin?.o *crtbegin.o) .ctors)
                [!provide]                        PROVIDE (__init_array_end = .)

.fini_array     0x00000000c000452b        0x0
                [!provide]                        PROVIDE (__fini_array_start = .)
 *(SORT_BY_INIT_PRIORITY(.fini_array.*) SORT_BY_INIT_PRIORITY(.dtors.*))
 *(.fini_array EXCLUDE_FILE(*crtend?.o *crtend.o *crtbegin?.o *crtbegin.o) .dtors)
                [!provide]                        PROVIDE (__fini_array_end = .)

.ctors
 *crtbegin.o(.ctors)
 *crtbegin?.o(.ctors)
 *(EXCLUDE_FILE(*crtend?.o *crtend.o) .ctors)
 *(SORT_BY_NAME(.ctors.*))
 *(.ctors)

.dtors
 *crtbegin.o(.dtors)
 *crtbegin?.o(.dtors)
 *(EXCLUDE_FILE(*crtend?.o *crtend.o) .dtors)
 *(SORT_BY_NAME(.dtors.*))
 *(.dtors)

.jcr
 *(.jcr)

.data.rel.ro
 *(.data.rel.ro.local* .gnu.linkonce.d.rel.ro.local.*)
 *(.data.rel.ro .data.rel.ro.* .gnu.linkonce.d.rel.ro.*)

.dynamic
 *(.dynamic)

.got            0x00000000c000452c        0x0
 *(.got)
 .got           0x00000000c000452c        0x0 build/main.o
 *(.igot)
                0x00000000c000452c                . = DATA_SEGMENT_RELRO_END (., (SIZEOF (.got.plt) >= 0xc)?0xc:0x0)

.got.plt        0x00000000c000452c        0x0
 *(.got.plt)
 .got.plt       0x00000000c000452c        0x0 build/main.o
 *(.igot.plt)
 .igot.plt      0x00000000c000452c        0x0 build/main.o

.data           0x00000000c000452c       0xa0
 *(.data .data.* .gnu.linkonce.d.*)
 .data          0x00000000c000452c        0x0 build/main.o
 .data          0x00000000c000452c        0x0 build/init.o
 .data          0x00000000c000452c        0x0 build/memory.o
 .data          0x00000000c000452c        0x0 build/interrupt.o
 .data          0x00000000c000452c        0x0 build/timer.o
 .data          0x00000000c000452c       0x96 build/kernel.o
                0x00000000c000453e                intr_entry_table
 *fill*         0x00000000c00045c2        0x2 
 .data          0x00000000c00045c4        0x8 build/print.o
 .data          0x00000000c00045cc        0x0 build/debug.o
 .data          0x00000000c00045cc        0x0 build/string.o
 .data          0x00000000c00045cc        0x0 build/bitmap.o

.data1
 *(.data1)
                0x00000000c00045cc                _edata = .
                [!provide]                        PROVIDE (edata = .)
                0x00000000c00045cc                . = .
                0x00000000c00045cc                __bss_start = .

.bss            0x00000000c00045e0      0x264
 *(.dynbss)
 *(.bss .bss.* .gnu.linkonce.b.*)
 .bss           0x00000000c00045e0        0x0 build/main.o
 .bss           0x00000000c00045e0        0x0 build/init.o
 .bss           0x00000000c00045e0        0x0 build/memory.o
 .bss           0x00000000c00045e0      0x108 build/interrupt.o
 .bss           0x00000000c00046e8        0x0 build/timer.o
 .bss           0x00000000c00046e8        0x0 build/debug.o
 .bss           0x00000000c00046e8        0x0 build/string.o
 .bss           0x00000000c00046e8        0x0 build/bitmap.o
 *(COMMON)
 COMMON         0x00000000c00046e8       0x2c build/memory.o
                0x00000000c00046e8                user_pool
                0x00000000c00046f8                kernel_vaddr
                0x00000000c0004704                kernel_pool
 *fill*         0x00000000c0004714        0xc 
 COMMON         0x00000000c0004720      0x124 build/interrupt.o
                0x00000000c0004720                intr_name
                0x00000000c00047c0                idt_table
                0x00000000c0004844                . = ALIGN ((. != 0x0)?0x4:0x1)
                0x00000000c0004844                . = ALIGN (0x4)
                0x00000000c0004844                . = SEGMENT_START ("ldata-segment", .)
                0x00000000c0004844                . = ALIGN (0x4)
                0x00000000c0004844                _end = .
                [!provide]                        PROVIDE (end = .)
                0x00000000c0004844                . = DATA_SEGMENT_END (.)

.stab           0x0000000000000000      0x7f8
 *(.stab)
 .stab          0x0000000000000000      0x210 build/kernel.o
 .stab          0x0000000000000210      0x5e8 build/print.o
                                        0x5f4 (size before relaxing)

.stabstr        0x0000000000000000       0x24
 *(.stabstr)
 .stabstr       0x0000000000000000       0x24 build/kernel.o

.stab.excl
 *(.stab.excl)

.stab.exclstr
 *(.stab.exclstr)

.stab.index
 *(.stab.index)

.stab.indexstr
 *(.stab.indexstr)

.comment        0x0000000000000000       0x2a
 *(.comment)
 .comment       0x0000000000000000       0x2a build/main.o
                                         0x2b (size before relaxing)
 .comment       0x000000000000002a       0x2b build/init.o
 .comment       0x000000000000002a       0x2b build/memory.o
 .comment       0x000000000000002a       0x2b build/interrupt.o
 .comment       0x000000000000002a       0x2b build/timer.o
 .comment       0x000000000000002a       0x2b build/debug.o
 .comment       0x000000000000002a       0x2b build/string.o
 .comment       0x000000000000002a       0x2b build/bitmap.o

.gnu.build.attributes
 *(.gnu.build.attributes .gnu.build.attributes.*)

.debug
 *(.debug)

.line
 *(.line)

.debug_srcinfo
 *(.debug_srcinfo)

.debug_sfnames
 *(.debug_sfnames)

.debug_aranges  0x0000000000000000      0x100
 *(.debug_aranges)
 .debug_aranges
                0x0000000000000000       0x20 build/main.o
 .debug_aranges
                0x0000000000000020       0x20 build/init.o
 .debug_aranges
                0x0000000000000040       0x20 build/memory.o
 .debug_aranges
                0x0000000000000060       0x20 build/interrupt.o
 .debug_aranges
                0x0000000000000080       0x20 build/timer.o
 .debug_aranges
                0x00000000000000a0       0x20 build/debug.o
 .debug_aranges
                0x00000000000000c0       0x20 build/string.o
 .debug_aranges
                0x00000000000000e0       0x20 build/bitmap.o

.debug_pubnames
                0x0000000000000000      0x263
 *(.debug_pubnames)
 .debug_pubnames
                0x0000000000000000       0x1b build/main.o
 .debug_pubnames
                0x000000000000001b       0x1f build/init.o
 .debug_pubnames
                0x000000000000003a       0x8b build/memory.o
 .debug_pubnames
                0x00000000000000c5       0x84 build/interrupt.o
 .debug_pubnames
                0x0000000000000149       0x21 build/timer.o
 .debug_pubnames
                0x000000000000016a       0x21 build/debug.o
 .debug_pubnames
                0x000000000000018b       0x82 build/string.o
 .debug_pubnames
                0x000000000000020d       0x56 build/bitmap.o

.debug_info     0x0000000000000000     0x11df
 *(.debug_info .gnu.linkonce.wi.*)
 .debug_info    0x0000000000000000       0x8c build/main.o
 .debug_info    0x000000000000008c       0x73 build/init.o
 .debug_info    0x00000000000000ff      0x4ff build/memory.o
 .debug_info    0x00000000000005fe      0x360 build/interrupt.o
 .debug_info    0x000000000000095e      0x11d build/timer.o
 .debug_info    0x0000000000000a7b       0xc8 build/debug.o
 .debug_info    0x0000000000000b43      0x485 build/string.o
 .debug_info    0x0000000000000fc8      0x217 build/bitmap.o

.debug_abbrev   0x0000000000000000      0x5e5
 *(.debug_abbrev)
 .debug_abbrev  0x0000000000000000       0x59 build/main.o
 .debug_abbrev  0x0000000000000059       0x3f build/init.o
 .debug_abbrev  0x0000000000000098      0x15e build/memory.o
 .debug_abbrev  0x00000000000001f6      0x13f build/interrupt.o
 .debug_abbrev  0x0000000000000335       0x7f build/timer.o
 .debug_abbrev  0x00000000000003b4       0x60 build/debug.o
 .debug_abbrev  0x0000000000000414       0xe7 build/string.o
 .debug_abbrev  0x00000000000004fb       0xea build/bitmap.o

.debug_line     0x0000000000000000      0x483
 *(.debug_line .debug_line.* .debug_line_end)
 .debug_line    0x0000000000000000       0x42 build/main.o
 .debug_line    0x0000000000000042       0x40 build/init.o
 .debug_line    0x0000000000000082       0xff build/memory.o
 .debug_line    0x0000000000000181       0xe5 build/interrupt.o
 .debug_line    0x0000000000000266       0x76 build/timer.o
 .debug_line    0x00000000000002dc       0x4b build/debug.o
 .debug_line    0x0000000000000327       0xc6 build/string.o
 .debug_line    0x00000000000003ed       0x96 build/bitmap.o

.debug_frame    0x0000000000000000      0x480
 *(.debug_frame)
 .debug_frame   0x0000000000000000       0x2c build/main.o
 .debug_frame   0x000000000000002c       0x2c build/init.o
 .debug_frame   0x0000000000000058       0xec build/memory.o
 .debug_frame   0x0000000000000144      0x124 build/interrupt.o
 .debug_frame   0x0000000000000268       0x64 build/timer.o
 .debug_frame   0x00000000000002cc       0x2c build/debug.o
 .debug_frame   0x00000000000002f8      0x104 build/string.o
 .debug_frame   0x00000000000003fc       0x84 build/bitmap.o

.debug_str      0x0000000000000000      0x5af
 *(.debug_str)
 .debug_str     0x0000000000000000       0x86 build/main.o
                                         0xa4 (size before relaxing)
 .debug_str     0x0000000000000086       0x2e build/init.o
                                         0xa3 (size before relaxing)
 .debug_str     0x00000000000000b4      0x209 build/memory.o
                                        0x2c7 (size before relaxing)
 .debug_str     0x00000000000002bd      0x17d build/interrupt.o
                                        0x241 (size before relaxing)
 .debug_str     0x000000000000043a       0x5b build/timer.o
                                        0x107 (size before relaxing)
 .debug_str     0x0000000000000495       0x37 build/debug.o
                                         0xc8 (size before relaxing)
 .debug_str     0x00000000000004cc       0x70 build/string.o
                                        0x12d (size before relaxing)
 .debug_str     0x000000000000053c       0x73 build/bitmap.o
                                        0x14e (size before relaxing)

.debug_loc      0x0000000000000000      0x6e0
 *(.debug_loc)
 .debug_loc     0x0000000000000000       0x2c build/main.o
 .debug_loc     0x000000000000002c       0x2c build/init.o
 .debug_loc     0x0000000000000058      0x18c build/memory.o
 .debug_loc     0x00000000000001e4      0x1e4 build/interrupt.o
 .debug_loc     0x00000000000003c8       0x84 build/timer.o
 .debug_loc     0x000000000000044c       0x2c build/debug.o
 .debug_loc     0x0000000000000478      0x1b8 build/string.o
 .debug_loc     0x0000000000000630       0xb0 build/bitmap.o

.debug_macinfo
 *(.debug_macinfo)

.debug_weaknames
 *(.debug_weaknames)

.debug_funcnames
 *(.debug_funcnames)

.debug_typenames
 *(.debug_typenames)

.debug_varnames
 *(.debug_varnames)

.debug_pubtypes
 *(.debug_pubtypes)

.debug_ranges
 *(.debug_ranges)

.debug_macro
 *(.debug_macro)

.debug_addr
 *(.debug_addr)

.gnu.attributes
 *(.gnu.attributes)

/DISCARD/
 *(.note.GNU-stack)
 *(.gnu_debuglink)
 *(.gnu.lto_*)
OUTPUT(build/kernel.bin elf32-i386)
